Archive member included to satisfy reference by file (symbol)

/usr/lib/gcc/avr/4.9.2/avr5/libgcc.a(_exit.o)
                              /usr/lib/gcc/avr/4.9.2/../../../avr/lib/avr5/crtatmega32u4.o (exit)
/usr/lib/gcc/avr/4.9.2/avr5/libgcc.a(_copy_data.o)
                              build/BootloaderHID.o (__do_copy_data)
/usr/lib/gcc/avr/4.9.2/avr5/libgcc.a(_clear_bss.o)
                              build/../modules/lufa/LUFA/Drivers/USB/Core/DeviceStandardReq.o (__do_clear_bss)
/usr/lib/gcc/avr/4.9.2/../../../avr/lib/avr5/libc.a(memcmp.o)
                              build/../modules/lufa/LUFA/Drivers/USB/Class/Device/HIDClassDevice.o (memcmp)
/usr/lib/gcc/avr/4.9.2/../../../avr/lib/avr5/libc.a(memcpy.o)
                              build/../modules/lufa/LUFA/Drivers/USB/Class/Device/HIDClassDevice.o (memcpy)
/usr/lib/gcc/avr/4.9.2/../../../avr/lib/avr5/libc.a(memset.o)
                              build/../modules/lufa/LUFA/Drivers/USB/Class/Device/HIDClassDevice.o (memset)
/usr/lib/gcc/avr/4.9.2/../../../avr/lib/avr5/libatmega32u4.a(eerd_byte.o)
                              build/BootloaderHID.o (eeprom_read_byte)
/usr/lib/gcc/avr/4.9.2/../../../avr/lib/avr5/libatmega32u4.a(eeupd_byte.o)
                              build/../modules/lufa/LUFA/Drivers/USB/Core/AVR8/EndpointStream_AVR8.o (eeprom_update_byte)
/usr/lib/gcc/avr/4.9.2/../../../avr/lib/avr5/libatmega32u4.a(eewr_byte.o)
                              build/BootloaderHID.o (eeprom_write_byte)

Allocating common symbols
Common symbol       size              file

USB_IsInitialized   0x1               build/../modules/lufa/LUFA/Drivers/USB/Core/USBTask.o
USB_Device_ConfigurationNumber
                    0x1               build/../modules/lufa/LUFA/Drivers/USB/Core/DeviceStandardReq.o
USB_ControlRequest  0x8               build/../modules/lufa/LUFA/Drivers/USB/Core/USBTask.o

Discarded input sections

 .data          0x0000000000000000        0x0 /usr/lib/gcc/avr/4.9.2/../../../avr/lib/avr5/crtatmega32u4.o
 .bss           0x0000000000000000        0x0 /usr/lib/gcc/avr/4.9.2/../../../avr/lib/avr5/crtatmega32u4.o
 .text          0x0000000000000000        0x0 build/BootloaderHID.o
 .data          0x0000000000000000        0x0 build/BootloaderHID.o
 .bss           0x0000000000000000        0x0 build/BootloaderHID.o
 .text          0x0000000000000000        0x0 build/Descriptors.o
 .data          0x0000000000000000        0x0 build/Descriptors.o
 .bss           0x0000000000000000        0x0 build/Descriptors.o
 .text          0x0000000000000000        0x0 build/../modules/lufa/LUFA/Drivers/USB/Class/Common/HIDParser.o
 .data          0x0000000000000000        0x0 build/../modules/lufa/LUFA/Drivers/USB/Class/Common/HIDParser.o
 .bss           0x0000000000000000        0x0 build/../modules/lufa/LUFA/Drivers/USB/Class/Common/HIDParser.o
 .text.USB_ProcessHIDReport
                0x0000000000000000      0x6d2 build/../modules/lufa/LUFA/Drivers/USB/Class/Common/HIDParser.o
 .text.USB_GetHIDReportItemInfo
                0x0000000000000000       0xbc build/../modules/lufa/LUFA/Drivers/USB/Class/Common/HIDParser.o
 .text.USB_SetHIDReportItemInfo
                0x0000000000000000       0xc0 build/../modules/lufa/LUFA/Drivers/USB/Class/Common/HIDParser.o
 .text.USB_GetHIDReportSize
                0x0000000000000000       0x54 build/../modules/lufa/LUFA/Drivers/USB/Class/Common/HIDParser.o
 .comment       0x0000000000000000       0x12 build/../modules/lufa/LUFA/Drivers/USB/Class/Common/HIDParser.o
 .text          0x0000000000000000        0x0 build/../modules/lufa/LUFA/Drivers/USB/Class/Device/HIDClassDevice.o
 .data          0x0000000000000000        0x0 build/../modules/lufa/LUFA/Drivers/USB/Class/Device/HIDClassDevice.o
 .bss           0x0000000000000000        0x0 build/../modules/lufa/LUFA/Drivers/USB/Class/Device/HIDClassDevice.o
 .text.HID_Device_ProcessControlRequest
                0x0000000000000000      0x282 build/../modules/lufa/LUFA/Drivers/USB/Class/Device/HIDClassDevice.o
 .text.HID_Device_ConfigureEndpoints
                0x0000000000000000       0x28 build/../modules/lufa/LUFA/Drivers/USB/Class/Device/HIDClassDevice.o
 .text.HID_Device_USBTask
                0x0000000000000000      0x18c build/../modules/lufa/LUFA/Drivers/USB/Class/Device/HIDClassDevice.o
 .comment       0x0000000000000000       0x12 build/../modules/lufa/LUFA/Drivers/USB/Class/Device/HIDClassDevice.o
 .text          0x0000000000000000        0x0 build/../modules/lufa/LUFA/Drivers/USB/Core/AVR8/Device_AVR8.o
 .data          0x0000000000000000        0x0 build/../modules/lufa/LUFA/Drivers/USB/Core/AVR8/Device_AVR8.o
 .bss           0x0000000000000000        0x0 build/../modules/lufa/LUFA/Drivers/USB/Core/AVR8/Device_AVR8.o
 .text.USB_Device_SendRemoteWakeup
                0x0000000000000000       0x2c build/../modules/lufa/LUFA/Drivers/USB/Core/AVR8/Device_AVR8.o
 .comment       0x0000000000000000       0x12 build/../modules/lufa/LUFA/Drivers/USB/Core/AVR8/Device_AVR8.o
 .text          0x0000000000000000        0x0 build/../modules/lufa/LUFA/Drivers/USB/Core/AVR8/EndpointStream_AVR8.o
 .data          0x0000000000000000        0x0 build/../modules/lufa/LUFA/Drivers/USB/Core/AVR8/EndpointStream_AVR8.o
 .bss           0x0000000000000000        0x0 build/../modules/lufa/LUFA/Drivers/USB/Core/AVR8/EndpointStream_AVR8.o
 .text.Endpoint_Discard_Stream
                0x0000000000000000       0x80 build/../modules/lufa/LUFA/Drivers/USB/Core/AVR8/EndpointStream_AVR8.o
 .text.Endpoint_Null_Stream
                0x0000000000000000       0x80 build/../modules/lufa/LUFA/Drivers/USB/Core/AVR8/EndpointStream_AVR8.o
 .text.Endpoint_Write_Stream_LE
                0x0000000000000000       0x9a build/../modules/lufa/LUFA/Drivers/USB/Core/AVR8/EndpointStream_AVR8.o
 .text.Endpoint_Write_Stream_BE
                0x0000000000000000       0xa6 build/../modules/lufa/LUFA/Drivers/USB/Core/AVR8/EndpointStream_AVR8.o
 .text.Endpoint_Read_Stream_LE
                0x0000000000000000       0x9a build/../modules/lufa/LUFA/Drivers/USB/Core/AVR8/EndpointStream_AVR8.o
 .text.Endpoint_Read_Stream_BE
                0x0000000000000000       0xa6 build/../modules/lufa/LUFA/Drivers/USB/Core/AVR8/EndpointStream_AVR8.o
 .text.Endpoint_Write_PStream_LE
                0x0000000000000000       0xa0 build/../modules/lufa/LUFA/Drivers/USB/Core/AVR8/EndpointStream_AVR8.o
 .text.Endpoint_Write_PStream_BE
                0x0000000000000000       0xa8 build/../modules/lufa/LUFA/Drivers/USB/Core/AVR8/EndpointStream_AVR8.o
 .text.Endpoint_Write_EStream_LE
                0x0000000000000000       0xa0 build/../modules/lufa/LUFA/Drivers/USB/Core/AVR8/EndpointStream_AVR8.o
 .text.Endpoint_Write_EStream_BE
                0x0000000000000000       0xaa build/../modules/lufa/LUFA/Drivers/USB/Core/AVR8/EndpointStream_AVR8.o
 .text.Endpoint_Read_EStream_LE
                0x0000000000000000       0xa0 build/../modules/lufa/LUFA/Drivers/USB/Core/AVR8/EndpointStream_AVR8.o
 .text.Endpoint_Read_EStream_BE
                0x0000000000000000       0xaa build/../modules/lufa/LUFA/Drivers/USB/Core/AVR8/EndpointStream_AVR8.o
 .text.Endpoint_Write_Control_Stream_BE
                0x0000000000000000       0xcc build/../modules/lufa/LUFA/Drivers/USB/Core/AVR8/EndpointStream_AVR8.o
 .text.Endpoint_Read_Control_Stream_LE
                0x0000000000000000       0x7c build/../modules/lufa/LUFA/Drivers/USB/Core/AVR8/EndpointStream_AVR8.o
 .text.Endpoint_Read_Control_Stream_BE
                0x0000000000000000       0x7e build/../modules/lufa/LUFA/Drivers/USB/Core/AVR8/EndpointStream_AVR8.o
 .text.Endpoint_Write_Control_PStream_LE
                0x0000000000000000       0xbe build/../modules/lufa/LUFA/Drivers/USB/Core/AVR8/EndpointStream_AVR8.o
 .text.Endpoint_Write_Control_PStream_BE
                0x0000000000000000       0xca build/../modules/lufa/LUFA/Drivers/USB/Core/AVR8/EndpointStream_AVR8.o
 .text.Endpoint_Write_Control_EStream_LE
                0x0000000000000000       0xf0 build/../modules/lufa/LUFA/Drivers/USB/Core/AVR8/EndpointStream_AVR8.o
 .text.Endpoint_Write_Control_EStream_BE
                0x0000000000000000       0xfc build/../modules/lufa/LUFA/Drivers/USB/Core/AVR8/EndpointStream_AVR8.o
 .text.Endpoint_Read_Control_EStream_LE
                0x0000000000000000       0x90 build/../modules/lufa/LUFA/Drivers/USB/Core/AVR8/EndpointStream_AVR8.o
 .text.Endpoint_Read_Control_EStream_BE
                0x0000000000000000       0x8e build/../modules/lufa/LUFA/Drivers/USB/Core/AVR8/EndpointStream_AVR8.o
 .text          0x0000000000000000        0x0 build/../modules/lufa/LUFA/Drivers/USB/Core/AVR8/Endpoint_AVR8.o
 .data          0x0000000000000000        0x0 build/../modules/lufa/LUFA/Drivers/USB/Core/AVR8/Endpoint_AVR8.o
 .bss           0x0000000000000000        0x0 build/../modules/lufa/LUFA/Drivers/USB/Core/AVR8/Endpoint_AVR8.o
 .text.Endpoint_ConfigureEndpointTable
                0x0000000000000000       0x92 build/../modules/lufa/LUFA/Drivers/USB/Core/AVR8/Endpoint_AVR8.o
 .text.Endpoint_ClearEndpoints
                0x0000000000000000       0x28 build/../modules/lufa/LUFA/Drivers/USB/Core/AVR8/Endpoint_AVR8.o
 .text.Endpoint_WaitUntilReady
                0x0000000000000000       0x62 build/../modules/lufa/LUFA/Drivers/USB/Core/AVR8/Endpoint_AVR8.o
 .text          0x0000000000000000        0x0 build/../modules/lufa/LUFA/Drivers/USB/Core/AVR8/Host_AVR8.o
 .data          0x0000000000000000        0x0 build/../modules/lufa/LUFA/Drivers/USB/Core/AVR8/Host_AVR8.o
 .bss           0x0000000000000000        0x0 build/../modules/lufa/LUFA/Drivers/USB/Core/AVR8/Host_AVR8.o
 .comment       0x0000000000000000       0x12 build/../modules/lufa/LUFA/Drivers/USB/Core/AVR8/Host_AVR8.o
 .text          0x0000000000000000        0x0 build/../modules/lufa/LUFA/Drivers/USB/Core/AVR8/PipeStream_AVR8.o
 .data          0x0000000000000000        0x0 build/../modules/lufa/LUFA/Drivers/USB/Core/AVR8/PipeStream_AVR8.o
 .bss           0x0000000000000000        0x0 build/../modules/lufa/LUFA/Drivers/USB/Core/AVR8/PipeStream_AVR8.o
 .comment       0x0000000000000000       0x12 build/../modules/lufa/LUFA/Drivers/USB/Core/AVR8/PipeStream_AVR8.o
 .text          0x0000000000000000        0x0 build/../modules/lufa/LUFA/Drivers/USB/Core/AVR8/Pipe_AVR8.o
 .data          0x0000000000000000        0x0 build/../modules/lufa/LUFA/Drivers/USB/Core/AVR8/Pipe_AVR8.o
 .bss           0x0000000000000000        0x0 build/../modules/lufa/LUFA/Drivers/USB/Core/AVR8/Pipe_AVR8.o
 .comment       0x0000000000000000       0x12 build/../modules/lufa/LUFA/Drivers/USB/Core/AVR8/Pipe_AVR8.o
 .text          0x0000000000000000        0x0 build/../modules/lufa/LUFA/Drivers/USB/Core/AVR8/Template/Template_Endpoint_Control_R.o
 .data          0x0000000000000000        0x0 build/../modules/lufa/LUFA/Drivers/USB/Core/AVR8/Template/Template_Endpoint_Control_R.o
 .bss           0x0000000000000000        0x0 build/../modules/lufa/LUFA/Drivers/USB/Core/AVR8/Template/Template_Endpoint_Control_R.o
 .comment       0x0000000000000000       0x12 build/../modules/lufa/LUFA/Drivers/USB/Core/AVR8/Template/Template_Endpoint_Control_R.o
 .text          0x0000000000000000        0x0 build/../modules/lufa/LUFA/Drivers/USB/Core/AVR8/Template/Template_Endpoint_Control_W.o
 .data          0x0000000000000000        0x0 build/../modules/lufa/LUFA/Drivers/USB/Core/AVR8/Template/Template_Endpoint_Control_W.o
 .bss           0x0000000000000000        0x0 build/../modules/lufa/LUFA/Drivers/USB/Core/AVR8/Template/Template_Endpoint_Control_W.o
 .comment       0x0000000000000000       0x12 build/../modules/lufa/LUFA/Drivers/USB/Core/AVR8/Template/Template_Endpoint_Control_W.o
 .text          0x0000000000000000        0x0 build/../modules/lufa/LUFA/Drivers/USB/Core/AVR8/Template/Template_Endpoint_RW.o
 .data          0x0000000000000000        0x0 build/../modules/lufa/LUFA/Drivers/USB/Core/AVR8/Template/Template_Endpoint_RW.o
 .bss           0x0000000000000000        0x0 build/../modules/lufa/LUFA/Drivers/USB/Core/AVR8/Template/Template_Endpoint_RW.o
 .comment       0x0000000000000000       0x12 build/../modules/lufa/LUFA/Drivers/USB/Core/AVR8/Template/Template_Endpoint_RW.o
 .text          0x0000000000000000        0x0 build/../modules/lufa/LUFA/Drivers/USB/Core/AVR8/Template/Template_Pipe_RW.o
 .data          0x0000000000000000        0x0 build/../modules/lufa/LUFA/Drivers/USB/Core/AVR8/Template/Template_Pipe_RW.o
 .bss           0x0000000000000000        0x0 build/../modules/lufa/LUFA/Drivers/USB/Core/AVR8/Template/Template_Pipe_RW.o
 .comment       0x0000000000000000       0x12 build/../modules/lufa/LUFA/Drivers/USB/Core/AVR8/Template/Template_Pipe_RW.o
 .text          0x0000000000000000        0x0 build/../modules/lufa/LUFA/Drivers/USB/Core/AVR8/USBController_AVR8.o
 .data          0x0000000000000000        0x0 build/../modules/lufa/LUFA/Drivers/USB/Core/AVR8/USBController_AVR8.o
 .bss           0x0000000000000000        0x0 build/../modules/lufa/LUFA/Drivers/USB/Core/AVR8/USBController_AVR8.o
 .text.USB_Disable
                0x0000000000000000       0x34 build/../modules/lufa/LUFA/Drivers/USB/Core/AVR8/USBController_AVR8.o
 .text          0x0000000000000000        0x0 build/../modules/lufa/LUFA/Drivers/USB/Core/AVR8/USBInterrupt_AVR8.o
 .data          0x0000000000000000        0x0 build/../modules/lufa/LUFA/Drivers/USB/Core/AVR8/USBInterrupt_AVR8.o
 .bss           0x0000000000000000        0x0 build/../modules/lufa/LUFA/Drivers/USB/Core/AVR8/USBInterrupt_AVR8.o
 .text          0x0000000000000000        0x0 build/../modules/lufa/LUFA/Drivers/USB/Core/ConfigDescriptors.o
 .data          0x0000000000000000        0x0 build/../modules/lufa/LUFA/Drivers/USB/Core/ConfigDescriptors.o
 .bss           0x0000000000000000        0x0 build/../modules/lufa/LUFA/Drivers/USB/Core/ConfigDescriptors.o
 .text.USB_GetNextDescriptor
                0x0000000000000000       0x3c build/../modules/lufa/LUFA/Drivers/USB/Core/ConfigDescriptors.o
 .text.USB_GetNextDescriptorOfType
                0x0000000000000000       0x48 build/../modules/lufa/LUFA/Drivers/USB/Core/ConfigDescriptors.o
 .text.USB_GetNextDescriptorOfTypeBefore
                0x0000000000000000       0x58 build/../modules/lufa/LUFA/Drivers/USB/Core/ConfigDescriptors.o
 .text.USB_GetNextDescriptorOfTypeAfter
                0x0000000000000000       0x3e build/../modules/lufa/LUFA/Drivers/USB/Core/ConfigDescriptors.o
 .text.USB_GetNextDescriptorComp
                0x0000000000000000       0x66 build/../modules/lufa/LUFA/Drivers/USB/Core/ConfigDescriptors.o
 .comment       0x0000000000000000       0x12 build/../modules/lufa/LUFA/Drivers/USB/Core/ConfigDescriptors.o
 .text          0x0000000000000000        0x0 build/../modules/lufa/LUFA/Drivers/USB/Core/DeviceStandardReq.o
 .data          0x0000000000000000        0x0 build/../modules/lufa/LUFA/Drivers/USB/Core/DeviceStandardReq.o
 .bss           0x0000000000000000        0x0 build/../modules/lufa/LUFA/Drivers/USB/Core/DeviceStandardReq.o
 .text          0x0000000000000000        0x0 build/../modules/lufa/LUFA/Drivers/USB/Core/Events.o
 .data          0x0000000000000000        0x0 build/../modules/lufa/LUFA/Drivers/USB/Core/Events.o
 .bss           0x0000000000000000        0x0 build/../modules/lufa/LUFA/Drivers/USB/Core/Events.o
 .text          0x0000000000000000        0x0 build/../modules/lufa/LUFA/Drivers/USB/Core/HostStandardReq.o
 .data          0x0000000000000000        0x0 build/../modules/lufa/LUFA/Drivers/USB/Core/HostStandardReq.o
 .bss           0x0000000000000000        0x0 build/../modules/lufa/LUFA/Drivers/USB/Core/HostStandardReq.o
 .comment       0x0000000000000000       0x12 build/../modules/lufa/LUFA/Drivers/USB/Core/HostStandardReq.o
 .text          0x0000000000000000        0x0 build/../modules/lufa/LUFA/Drivers/USB/Core/USBTask.o
 .data          0x0000000000000000        0x0 build/../modules/lufa/LUFA/Drivers/USB/Core/USBTask.o
 .bss           0x0000000000000000        0x0 build/../modules/lufa/LUFA/Drivers/USB/Core/USBTask.o
 .text          0x0000000000000000        0x0 /usr/lib/gcc/avr/4.9.2/avr5/libgcc.a(_exit.o)
 .data          0x0000000000000000        0x0 /usr/lib/gcc/avr/4.9.2/avr5/libgcc.a(_exit.o)
 .bss           0x0000000000000000        0x0 /usr/lib/gcc/avr/4.9.2/avr5/libgcc.a(_exit.o)
 .text.libgcc.mul
                0x0000000000000000        0x0 /usr/lib/gcc/avr/4.9.2/avr5/libgcc.a(_exit.o)
 .text.libgcc.div
                0x0000000000000000        0x0 /usr/lib/gcc/avr/4.9.2/avr5/libgcc.a(_exit.o)
 .text.libgcc   0x0000000000000000        0x0 /usr/lib/gcc/avr/4.9.2/avr5/libgcc.a(_exit.o)
 .text.libgcc.prologue
                0x0000000000000000        0x0 /usr/lib/gcc/avr/4.9.2/avr5/libgcc.a(_exit.o)
 .text.libgcc.builtins
                0x0000000000000000        0x0 /usr/lib/gcc/avr/4.9.2/avr5/libgcc.a(_exit.o)
 .text.libgcc.fmul
                0x0000000000000000        0x0 /usr/lib/gcc/avr/4.9.2/avr5/libgcc.a(_exit.o)
 .text.libgcc.fixed
                0x0000000000000000        0x0 /usr/lib/gcc/avr/4.9.2/avr5/libgcc.a(_exit.o)
 .text          0x0000000000000000        0x0 /usr/lib/gcc/avr/4.9.2/avr5/libgcc.a(_copy_data.o)
 .data          0x0000000000000000        0x0 /usr/lib/gcc/avr/4.9.2/avr5/libgcc.a(_copy_data.o)
 .bss           0x0000000000000000        0x0 /usr/lib/gcc/avr/4.9.2/avr5/libgcc.a(_copy_data.o)
 .text.libgcc.mul
                0x0000000000000000        0x0 /usr/lib/gcc/avr/4.9.2/avr5/libgcc.a(_copy_data.o)
 .text.libgcc.div
                0x0000000000000000        0x0 /usr/lib/gcc/avr/4.9.2/avr5/libgcc.a(_copy_data.o)
 .text.libgcc   0x0000000000000000        0x0 /usr/lib/gcc/avr/4.9.2/avr5/libgcc.a(_copy_data.o)
 .text.libgcc.prologue
                0x0000000000000000        0x0 /usr/lib/gcc/avr/4.9.2/avr5/libgcc.a(_copy_data.o)
 .text.libgcc.builtins
                0x0000000000000000        0x0 /usr/lib/gcc/avr/4.9.2/avr5/libgcc.a(_copy_data.o)
 .text.libgcc.fmul
                0x0000000000000000        0x0 /usr/lib/gcc/avr/4.9.2/avr5/libgcc.a(_copy_data.o)
 .text.libgcc.fixed
                0x0000000000000000        0x0 /usr/lib/gcc/avr/4.9.2/avr5/libgcc.a(_copy_data.o)
 .text          0x0000000000000000        0x0 /usr/lib/gcc/avr/4.9.2/avr5/libgcc.a(_clear_bss.o)
 .data          0x0000000000000000        0x0 /usr/lib/gcc/avr/4.9.2/avr5/libgcc.a(_clear_bss.o)
 .bss           0x0000000000000000        0x0 /usr/lib/gcc/avr/4.9.2/avr5/libgcc.a(_clear_bss.o)
 .text.libgcc.mul
                0x0000000000000000        0x0 /usr/lib/gcc/avr/4.9.2/avr5/libgcc.a(_clear_bss.o)
 .text.libgcc.div
                0x0000000000000000        0x0 /usr/lib/gcc/avr/4.9.2/avr5/libgcc.a(_clear_bss.o)
 .text.libgcc   0x0000000000000000        0x0 /usr/lib/gcc/avr/4.9.2/avr5/libgcc.a(_clear_bss.o)
 .text.libgcc.prologue
                0x0000000000000000        0x0 /usr/lib/gcc/avr/4.9.2/avr5/libgcc.a(_clear_bss.o)
 .text.libgcc.builtins
                0x0000000000000000        0x0 /usr/lib/gcc/avr/4.9.2/avr5/libgcc.a(_clear_bss.o)
 .text.libgcc.fmul
                0x0000000000000000        0x0 /usr/lib/gcc/avr/4.9.2/avr5/libgcc.a(_clear_bss.o)
 .text.libgcc.fixed
                0x0000000000000000        0x0 /usr/lib/gcc/avr/4.9.2/avr5/libgcc.a(_clear_bss.o)
 .text          0x0000000000000000        0x0 /usr/lib/gcc/avr/4.9.2/../../../avr/lib/avr5/libc.a(memcmp.o)
 .data          0x0000000000000000        0x0 /usr/lib/gcc/avr/4.9.2/../../../avr/lib/avr5/libc.a(memcmp.o)
 .bss           0x0000000000000000        0x0 /usr/lib/gcc/avr/4.9.2/../../../avr/lib/avr5/libc.a(memcmp.o)
 .text.avr-libc
                0x0000000000000000       0x1a /usr/lib/gcc/avr/4.9.2/../../../avr/lib/avr5/libc.a(memcmp.o)
 .text          0x0000000000000000        0x0 /usr/lib/gcc/avr/4.9.2/../../../avr/lib/avr5/libc.a(memcpy.o)
 .data          0x0000000000000000        0x0 /usr/lib/gcc/avr/4.9.2/../../../avr/lib/avr5/libc.a(memcpy.o)
 .bss           0x0000000000000000        0x0 /usr/lib/gcc/avr/4.9.2/../../../avr/lib/avr5/libc.a(memcpy.o)
 .text.avr-libc
                0x0000000000000000       0x12 /usr/lib/gcc/avr/4.9.2/../../../avr/lib/avr5/libc.a(memcpy.o)
 .text          0x0000000000000000        0x0 /usr/lib/gcc/avr/4.9.2/../../../avr/lib/avr5/libc.a(memset.o)
 .data          0x0000000000000000        0x0 /usr/lib/gcc/avr/4.9.2/../../../avr/lib/avr5/libc.a(memset.o)
 .bss           0x0000000000000000        0x0 /usr/lib/gcc/avr/4.9.2/../../../avr/lib/avr5/libc.a(memset.o)
 .text.avr-libc
                0x0000000000000000        0xe /usr/lib/gcc/avr/4.9.2/../../../avr/lib/avr5/libc.a(memset.o)
 .text          0x0000000000000000        0x0 /usr/lib/gcc/avr/4.9.2/../../../avr/lib/avr5/libatmega32u4.a(eerd_byte.o)
 .data          0x0000000000000000        0x0 /usr/lib/gcc/avr/4.9.2/../../../avr/lib/avr5/libatmega32u4.a(eerd_byte.o)
 .bss           0x0000000000000000        0x0 /usr/lib/gcc/avr/4.9.2/../../../avr/lib/avr5/libatmega32u4.a(eerd_byte.o)
 .text          0x0000000000000000        0x0 /usr/lib/gcc/avr/4.9.2/../../../avr/lib/avr5/libatmega32u4.a(eeupd_byte.o)
 .data          0x0000000000000000        0x0 /usr/lib/gcc/avr/4.9.2/../../../avr/lib/avr5/libatmega32u4.a(eeupd_byte.o)
 .bss           0x0000000000000000        0x0 /usr/lib/gcc/avr/4.9.2/../../../avr/lib/avr5/libatmega32u4.a(eeupd_byte.o)
 .text.avr-libc
                0x0000000000000000       0x24 /usr/lib/gcc/avr/4.9.2/../../../avr/lib/avr5/libatmega32u4.a(eeupd_byte.o)
 .text          0x0000000000000000        0x0 /usr/lib/gcc/avr/4.9.2/../../../avr/lib/avr5/libatmega32u4.a(eewr_byte.o)
 .data          0x0000000000000000        0x0 /usr/lib/gcc/avr/4.9.2/../../../avr/lib/avr5/libatmega32u4.a(eewr_byte.o)
 .bss           0x0000000000000000        0x0 /usr/lib/gcc/avr/4.9.2/../../../avr/lib/avr5/libatmega32u4.a(eewr_byte.o)

Memory Configuration

Name             Origin             Length             Attributes
text             0x0000000000000000 0x0000000000020000 xr
data             0x0000000000800060 0x000000000000ffa0 rw !x
eeprom           0x0000000000810000 0x0000000000010000 rw !x
fuse             0x0000000000820000 0x0000000000000400 rw !x
lock             0x0000000000830000 0x0000000000000400 rw !x
signature        0x0000000000840000 0x0000000000000400 rw !x
user_signatures  0x0000000000850000 0x0000000000000400 rw !x
*default*        0x0000000000000000 0xffffffffffffffff

Linker script and memory map

Address of section .data set to 0x800100
LOAD /usr/lib/gcc/avr/4.9.2/../../../avr/lib/avr5/crtatmega32u4.o
LOAD build/BootloaderHID.o
LOAD build/Descriptors.o
LOAD build/../modules/lufa/LUFA/Drivers/USB/Class/Common/HIDParser.o
LOAD build/../modules/lufa/LUFA/Drivers/USB/Class/Device/HIDClassDevice.o
LOAD build/../modules/lufa/LUFA/Drivers/USB/Core/AVR8/Device_AVR8.o
LOAD build/../modules/lufa/LUFA/Drivers/USB/Core/AVR8/EndpointStream_AVR8.o
LOAD build/../modules/lufa/LUFA/Drivers/USB/Core/AVR8/Endpoint_AVR8.o
LOAD build/../modules/lufa/LUFA/Drivers/USB/Core/AVR8/Host_AVR8.o
LOAD build/../modules/lufa/LUFA/Drivers/USB/Core/AVR8/PipeStream_AVR8.o
LOAD build/../modules/lufa/LUFA/Drivers/USB/Core/AVR8/Pipe_AVR8.o
LOAD build/../modules/lufa/LUFA/Drivers/USB/Core/AVR8/Template/Template_Endpoint_Control_R.o
LOAD build/../modules/lufa/LUFA/Drivers/USB/Core/AVR8/Template/Template_Endpoint_Control_W.o
LOAD build/../modules/lufa/LUFA/Drivers/USB/Core/AVR8/Template/Template_Endpoint_RW.o
LOAD build/../modules/lufa/LUFA/Drivers/USB/Core/AVR8/Template/Template_Pipe_RW.o
LOAD build/../modules/lufa/LUFA/Drivers/USB/Core/AVR8/USBController_AVR8.o
LOAD build/../modules/lufa/LUFA/Drivers/USB/Core/AVR8/USBInterrupt_AVR8.o
LOAD build/../modules/lufa/LUFA/Drivers/USB/Core/ConfigDescriptors.o
LOAD build/../modules/lufa/LUFA/Drivers/USB/Core/DeviceStandardReq.o
LOAD build/../modules/lufa/LUFA/Drivers/USB/Core/Events.o
LOAD build/../modules/lufa/LUFA/Drivers/USB/Core/HostStandardReq.o
LOAD build/../modules/lufa/LUFA/Drivers/USB/Core/USBTask.o
START GROUP
LOAD /usr/lib/gcc/avr/4.9.2/../../../avr/lib/avr5/libm.a
END GROUP
Address of section .text set to 0x7000
START GROUP
LOAD /usr/lib/gcc/avr/4.9.2/avr5/libgcc.a
LOAD /usr/lib/gcc/avr/4.9.2/../../../avr/lib/avr5/libm.a
LOAD /usr/lib/gcc/avr/4.9.2/../../../avr/lib/avr5/libc.a
LOAD /usr/lib/gcc/avr/4.9.2/../../../avr/lib/avr5/libatmega32u4.a
END GROUP

.hash
 *(.hash)

.dynsym
 *(.dynsym)

.dynstr
 *(.dynstr)

.gnu.version
 *(.gnu.version)

.gnu.version_d
 *(.gnu.version_d)

.gnu.version_r
 *(.gnu.version_r)

.rel.init
 *(.rel.init)

.rela.init
 *(.rela.init)

.rel.text
 *(.rel.text)
 *(.rel.text.*)
 *(.rel.gnu.linkonce.t*)

.rela.text
 *(.rela.text)
 *(.rela.text.*)
 *(.rela.gnu.linkonce.t*)

.rel.fini
 *(.rel.fini)

.rela.fini
 *(.rela.fini)

.rel.rodata
 *(.rel.rodata)
 *(.rel.rodata.*)
 *(.rel.gnu.linkonce.r*)

.rela.rodata
 *(.rela.rodata)
 *(.rela.rodata.*)
 *(.rela.gnu.linkonce.r*)

.rel.data
 *(.rel.data)
 *(.rel.data.*)
 *(.rel.gnu.linkonce.d*)

.rela.data
 *(.rela.data)
 *(.rela.data.*)
 *(.rela.gnu.linkonce.d*)

.rel.ctors
 *(.rel.ctors)

.rela.ctors
 *(.rela.ctors)

.rel.dtors
 *(.rel.dtors)

.rela.dtors
 *(.rela.dtors)

.rel.got
 *(.rel.got)

.rela.got
 *(.rela.got)

.rel.bss
 *(.rel.bss)

.rela.bss
 *(.rela.bss)

.rel.plt
 *(.rel.plt)

.rela.plt
 *(.rela.plt)

.text           0x0000000000007000      0x8b6
 *(.vectors)
 .vectors       0x0000000000007000       0xac /usr/lib/gcc/avr/4.9.2/../../../avr/lib/avr5/crtatmega32u4.o
                0x0000000000007000                __vectors
                0x0000000000007000                __vector_default
 *(.vectors)
 *(.progmem.gcc*)
                0x00000000000070ac                . = ALIGN (0x2)
                0x00000000000070ac                __trampolines_start = .
 *(.trampolines)
 .trampolines   0x00000000000070ac        0x0 linker stubs
 *(.trampolines*)
                0x00000000000070ac                __trampolines_end = .
 *(.progmem*)
                0x00000000000070ac                . = ALIGN (0x2)
 *(.jumptables)
 *(.jumptables*)
 *(.lowtext)
 *(.lowtext*)
                0x00000000000070ac                __ctors_start = .
 *(.ctors)
                0x00000000000070ac                __ctors_end = .
                0x00000000000070ac                __dtors_start = .
 *(.dtors)
                0x00000000000070ac                __dtors_end = .
 SORT(*)(.ctors)
 SORT(*)(.dtors)
 *(.init0)
 .init0         0x00000000000070ac        0x0 /usr/lib/gcc/avr/4.9.2/../../../avr/lib/avr5/crtatmega32u4.o
                0x00000000000070ac                __init
 *(.init0)
 *(.init1)
 *(.init1)
 *(.init2)
 .init2         0x00000000000070ac        0xc /usr/lib/gcc/avr/4.9.2/../../../avr/lib/avr5/crtatmega32u4.o
 *(.init2)
 *(.init3)
 .init3         0x00000000000070b8       0x7e build/BootloaderHID.o
                0x00000000000070b8                Application_Jump_Check
 *(.init3)
 *(.init4)
 .init4         0x0000000000007136       0x16 /usr/lib/gcc/avr/4.9.2/avr5/libgcc.a(_copy_data.o)
                0x0000000000007136                __do_copy_data
 .init4         0x000000000000714c       0x10 /usr/lib/gcc/avr/4.9.2/avr5/libgcc.a(_clear_bss.o)
                0x000000000000714c                __do_clear_bss
 *(.init4)
 *(.init5)
 *(.init5)
 *(.init6)
 *(.init6)
 *(.init7)
 *(.init7)
 *(.init8)
 *(.init8)
 *(.init9)
 .init9         0x000000000000715c        0x4 /usr/lib/gcc/avr/4.9.2/../../../avr/lib/avr5/crtatmega32u4.o
 *(.init9)
 *(.text)
 .text          0x0000000000007160        0x2 /usr/lib/gcc/avr/4.9.2/../../../avr/lib/avr5/crtatmega32u4.o
                0x0000000000007160                __vector_38
                0x0000000000007160                __vector_22
                0x0000000000007160                __vector_28
                0x0000000000007160                __vector_1
                0x0000000000007160                __vector_32
                0x0000000000007160                __vector_34
                0x0000000000007160                __vector_24
                0x0000000000007160                __vector_12
                0x0000000000007160                __bad_interrupt
                0x0000000000007160                __vector_6
                0x0000000000007160                __vector_31
                0x0000000000007160                __vector_35
                0x0000000000007160                __vector_39
                0x0000000000007160                __vector_3
                0x0000000000007160                __vector_23
                0x0000000000007160                __vector_30
                0x0000000000007160                __vector_25
                0x0000000000007160                __vector_11
                0x0000000000007160                __vector_13
                0x0000000000007160                __vector_17
                0x0000000000007160                __vector_19
                0x0000000000007160                __vector_7
                0x0000000000007160                __vector_41
                0x0000000000007160                __vector_27
                0x0000000000007160                __vector_5
                0x0000000000007160                __vector_33
                0x0000000000007160                __vector_37
                0x0000000000007160                __vector_4
                0x0000000000007160                __vector_9
                0x0000000000007160                __vector_2
                0x0000000000007160                __vector_21
                0x0000000000007160                __vector_15
                0x0000000000007160                __vector_36
                0x0000000000007160                __vector_29
                0x0000000000007160                __vector_40
                0x0000000000007160                __vector_8
                0x0000000000007160                __vector_26
                0x0000000000007160                __vector_14
                0x0000000000007160                __vector_16
                0x0000000000007160                __vector_18
                0x0000000000007160                __vector_20
                0x0000000000007160                __vector_42
                0x0000000000007162                . = ALIGN (0x2)
 *(.text.*)
 .text.startup.main
                0x0000000000007162       0x7a build/BootloaderHID.o
                0x0000000000007162                main
 .text.EVENT_USB_Device_ConfigurationChanged
                0x00000000000071dc        0x8 build/BootloaderHID.o
                0x00000000000071dc                EVENT_USB_Device_ConfigurationChanged
 .text.EVENT_USB_Device_ControlRequest
                0x00000000000071e4       0xd8 build/BootloaderHID.o
                0x00000000000071e4                EVENT_USB_Device_ControlRequest
 .text.CALLBACK_USB_GetDescriptor
                0x00000000000072bc       0x48 build/Descriptors.o
                0x00000000000072bc                CALLBACK_USB_GetDescriptor
 .text.Endpoint_Write_Control_Stream_LE
                0x0000000000007304       0xc2 build/../modules/lufa/LUFA/Drivers/USB/Core/AVR8/EndpointStream_AVR8.o
                0x0000000000007304                Endpoint_Write_Control_Stream_LE
 .text.Endpoint_ConfigureEndpoint_Prv
                0x00000000000073c6       0x28 build/../modules/lufa/LUFA/Drivers/USB/Core/AVR8/Endpoint_AVR8.o
                0x00000000000073c6                Endpoint_ConfigureEndpoint_Prv
 .text.Endpoint_ClearStatusStage
                0x00000000000073ee       0x3a build/../modules/lufa/LUFA/Drivers/USB/Core/AVR8/Endpoint_AVR8.o
                0x00000000000073ee                Endpoint_ClearStatusStage
 .text.USB_ResetInterface
                0x0000000000007428       0x76 build/../modules/lufa/LUFA/Drivers/USB/Core/AVR8/USBController_AVR8.o
                0x0000000000007428                USB_ResetInterface
 .text.USB_Init
                0x000000000000749e       0x20 build/../modules/lufa/LUFA/Drivers/USB/Core/AVR8/USBController_AVR8.o
                0x000000000000749e                USB_Init
 .text.USB_INT_DisableAllInterrupts
                0x00000000000074be       0x10 build/../modules/lufa/LUFA/Drivers/USB/Core/AVR8/USBInterrupt_AVR8.o
                0x00000000000074be                USB_INT_DisableAllInterrupts
 .text.USB_INT_ClearAllInterrupts
                0x00000000000074ce        0xa build/../modules/lufa/LUFA/Drivers/USB/Core/AVR8/USBInterrupt_AVR8.o
                0x00000000000074ce                USB_INT_ClearAllInterrupts
 .text.__vector_10
                0x00000000000074d8      0x166 build/../modules/lufa/LUFA/Drivers/USB/Core/AVR8/USBInterrupt_AVR8.o
                0x00000000000074d8                __vector_10
 .text.USB_Device_ProcessControlRequest
                0x000000000000763e      0x214 build/../modules/lufa/LUFA/Drivers/USB/Core/DeviceStandardReq.o
                0x000000000000763e                USB_Device_ProcessControlRequest
 .text.USB_Event_Stub
                0x0000000000007852        0x2 build/../modules/lufa/LUFA/Drivers/USB/Core/Events.o
                0x0000000000007852                EVENT_USB_Device_Connect
                0x0000000000007852                EVENT_USB_Device_WakeUp
                0x0000000000007852                USB_Event_Stub
                0x0000000000007852                EVENT_USB_Device_Suspend
                0x0000000000007852                EVENT_USB_Device_StartOfFrame
                0x0000000000007852                EVENT_USB_Device_Disconnect
                0x0000000000007852                EVENT_USB_Device_Reset
 .text.USB_USBTask
                0x0000000000007854       0x32 build/../modules/lufa/LUFA/Drivers/USB/Core/USBTask.o
                0x0000000000007854                USB_USBTask
 .text.avr-libc
                0x0000000000007886       0x10 /usr/lib/gcc/avr/4.9.2/../../../avr/lib/avr5/libatmega32u4.a(eerd_byte.o)
                0x0000000000007886                eeprom_read_byte
 .text.avr-libc
                0x0000000000007896       0x1c /usr/lib/gcc/avr/4.9.2/../../../avr/lib/avr5/libatmega32u4.a(eewr_byte.o)
                0x0000000000007896                eeprom_write_byte
                0x0000000000007898                eeprom_write_r18
                0x00000000000078b2                . = ALIGN (0x2)
 *(.fini9)
 .fini9         0x00000000000078b2        0x0 /usr/lib/gcc/avr/4.9.2/avr5/libgcc.a(_exit.o)
                0x00000000000078b2                exit
                0x00000000000078b2                _exit
 *(.fini9)
 *(.fini8)
 *(.fini8)
 *(.fini7)
 *(.fini7)
 *(.fini6)
 *(.fini6)
 *(.fini5)
 *(.fini5)
 *(.fini4)
 *(.fini4)
 *(.fini3)
 *(.fini3)
 *(.fini2)
 *(.fini2)
 *(.fini1)
 *(.fini1)
 *(.fini0)
 .fini0         0x00000000000078b2        0x4 /usr/lib/gcc/avr/4.9.2/avr5/libgcc.a(_exit.o)
 *(.fini0)
                0x00000000000078b6                _etext = .

.data           0x0000000000800100       0x4a load address 0x00000000000078b6
                0x0000000000800100                PROVIDE (__data_start, .)
 *(.data)
 *(.data*)
 .data.RunBootloader
                0x0000000000800100        0x1 build/BootloaderHID.o
 *(.rodata)
 *(.rodata*)
 .rodata.ConfigurationDescriptor
                0x0000000000800101       0x22 build/Descriptors.o
                0x0000000000800101                ConfigurationDescriptor
 .rodata.DeviceDescriptor
                0x0000000000800123       0x12 build/Descriptors.o
                0x0000000000800123                DeviceDescriptor
 .rodata.HIDReport
                0x0000000000800135       0x15 build/Descriptors.o
                0x0000000000800135                HIDReport
 *(.gnu.linkonce.d*)
                0x000000000080014a                . = ALIGN (0x2)
                0x000000000080014a                _edata = .
                0x000000000080014a                PROVIDE (__data_end, .)

.bss            0x000000000080014a        0xa
                0x000000000080014a                PROVIDE (__bss_start, .)
 *(.bss)
 *(.bss*)
 *(COMMON)
 COMMON         0x000000000080014a        0x1 build/../modules/lufa/LUFA/Drivers/USB/Core/DeviceStandardReq.o
                0x000000000080014a                USB_Device_ConfigurationNumber
 COMMON         0x000000000080014b        0x9 build/../modules/lufa/LUFA/Drivers/USB/Core/USBTask.o
                0x000000000080014b                USB_IsInitialized
                0x000000000080014c                USB_ControlRequest
                0x0000000000800154                PROVIDE (__bss_end, .)
                0x00000000000078b6                __data_load_start = LOADADDR (.data)
                0x0000000000007900                __data_load_end = (__data_load_start + SIZEOF (.data))

.noinit         0x0000000000800154        0x2
                0x0000000000800154                PROVIDE (__noinit_start, .)
 *(.noinit*)
 .noinit        0x0000000000800154        0x2 build/BootloaderHID.o
                0x0000000000800154                MagicBootKey
                0x0000000000800156                PROVIDE (__noinit_end, .)
                0x0000000000800156                _end = .
                0x0000000000800156                PROVIDE (__heap_start, .)

.eeprom         0x0000000000810000        0x0
 *(.eeprom*)
                0x0000000000810000                __eeprom_end = .

.fuse
 *(.fuse)
 *(.lfuse)
 *(.hfuse)
 *(.efuse)

.lock
 *(.lock*)

.signature
 *(.signature*)

.user_signatures
 *(.user_signatures*)

.stab
 *(.stab)

.stabstr
 *(.stabstr)

.stab.excl
 *(.stab.excl)

.stab.exclstr
 *(.stab.exclstr)

.stab.index
 *(.stab.index)

.stab.indexstr
 *(.stab.indexstr)

.comment        0x0000000000000000       0x11
 *(.comment)
 .comment       0x0000000000000000       0x11 build/BootloaderHID.o
                                         0x12 (size before relaxing)
 .comment       0x0000000000000011       0x12 build/Descriptors.o
 .comment       0x0000000000000011       0x12 build/../modules/lufa/LUFA/Drivers/USB/Core/AVR8/EndpointStream_AVR8.o
 .comment       0x0000000000000011       0x12 build/../modules/lufa/LUFA/Drivers/USB/Core/AVR8/Endpoint_AVR8.o
 .comment       0x0000000000000011       0x12 build/../modules/lufa/LUFA/Drivers/USB/Core/AVR8/USBController_AVR8.o
 .comment       0x0000000000000011       0x12 build/../modules/lufa/LUFA/Drivers/USB/Core/AVR8/USBInterrupt_AVR8.o
 .comment       0x0000000000000011       0x12 build/../modules/lufa/LUFA/Drivers/USB/Core/DeviceStandardReq.o
 .comment       0x0000000000000011       0x12 build/../modules/lufa/LUFA/Drivers/USB/Core/Events.o
 .comment       0x0000000000000011       0x12 build/../modules/lufa/LUFA/Drivers/USB/Core/USBTask.o

.note.gnu.avr.deviceinfo
                0x0000000000000000       0x40
 .note.gnu.avr.deviceinfo
                0x0000000000000000       0x40 /usr/lib/gcc/avr/4.9.2/../../../avr/lib/avr5/crtatmega32u4.o

.note.gnu.build-id
 *(.note.gnu.build-id)

.debug
 *(.debug)

.line
 *(.line)

.debug_srcinfo
 *(.debug_srcinfo)

.debug_sfnames
 *(.debug_sfnames)

.debug_aranges
 *(.debug_aranges)

.debug_pubnames
 *(.debug_pubnames)

.debug_info
 *(.debug_info .gnu.linkonce.wi.*)

.debug_abbrev
 *(.debug_abbrev)

.debug_line
 *(.debug_line .debug_line.* .debug_line_end)

.debug_frame
 *(.debug_frame)

.debug_str
 *(.debug_str)

.debug_loc
 *(.debug_loc)

.debug_macinfo
 *(.debug_macinfo)

.debug_weaknames
 *(.debug_weaknames)

.debug_funcnames
 *(.debug_funcnames)

.debug_typenames
 *(.debug_typenames)

.debug_varnames
 *(.debug_varnames)

.debug_pubtypes
 *(.debug_pubtypes)

.debug_ranges
 *(.debug_ranges)

.debug_macro
 *(.debug_macro)
OUTPUT(BootloaderHID.elf elf32-avr)
LOAD linker stubs
