Archive member included to satisfy reference by file (symbol)

c:/program files (x86)/atmel/studio/7.0/toolchain/avr8/avr8-gnu-toolchain/bin/../lib/gcc/avr/4.9.2/avr5\libgcc.a(_exit.o)
                              C:/Program Files (x86)/Atmel/Studio/7.0/Packs/atmel/ATmega_DFP/1.0.106/gcc/dev/atmega32u4/avr5/crtatmega32u4.o (exit)
c:/program files (x86)/atmel/studio/7.0/toolchain/avr8/avr8-gnu-toolchain/bin/../lib/gcc/avr/4.9.2/avr5\libgcc.a(_copy_data.o)
                              BootloaderMassStorage.o (__do_copy_data)
c:/program files (x86)/atmel/studio/7.0/toolchain/avr8/avr8-gnu-toolchain/bin/../lib/gcc/avr/4.9.2/avr5\libgcc.a(_clear_bss.o)
                              BootloaderMassStorage.o (__do_clear_bss)
c:/program files (x86)/atmel/studio/7.0/toolchain/avr8/avr8-gnu-toolchain/bin/../lib/gcc/avr/4.9.2/../../../../avr/lib/avr5\libc.a(memcpy_P.o)
                              src/LUFA/LUFA/Drivers/USB/Class/Device/RNDISClassDevice.o (memcpy_P)
c:/program files (x86)/atmel/studio/7.0/toolchain/avr8/avr8-gnu-toolchain/bin/../lib/gcc/avr/4.9.2/../../../../avr/lib/avr5\libc.a(strlen_P.o)
                              src/LUFA/LUFA/Drivers/USB/Class/Device/CDCClassDevice.o (__strlen_P)
c:/program files (x86)/atmel/studio/7.0/toolchain/avr8/avr8-gnu-toolchain/bin/../lib/gcc/avr/4.9.2/../../../../avr/lib/avr5\libc.a(memcmp.o)
                              src/LUFA/LUFA/Drivers/USB/Class/Device/HIDClassDevice.o (memcmp)
c:/program files (x86)/atmel/studio/7.0/toolchain/avr8/avr8-gnu-toolchain/bin/../lib/gcc/avr/4.9.2/../../../../avr/lib/avr5\libc.a(memcpy.o)
                              src/LUFA/LUFA/Drivers/USB/Class/Device/HIDClassDevice.o (memcpy)
c:/program files (x86)/atmel/studio/7.0/toolchain/avr8/avr8-gnu-toolchain/bin/../lib/gcc/avr/4.9.2/../../../../avr/lib/avr5\libc.a(memset.o)
                              src/LUFA/LUFA/Drivers/USB/Class/Device/HIDClassDevice.o (memset)
C:/Program Files (x86)/Atmel/Studio/7.0/Packs/atmel/ATmega_DFP/1.0.106/gcc/dev/atmega32u4/avr5\libatmega32u4.a(eerd_byte.o)
                              src/LUFA/LUFA/Drivers/USB/Core/AVR8/EndpointStream_AVR8.o (eeprom_read_byte)
C:/Program Files (x86)/Atmel/Studio/7.0/Packs/atmel/ATmega_DFP/1.0.106/gcc/dev/atmega32u4/avr5\libatmega32u4.a(eeupd_byte.o)
                              src/LUFA/LUFA/Drivers/USB/Core/AVR8/EndpointStream_AVR8.o (eeprom_update_byte)

Allocating common symbols
Common symbol       size              file

USB_IsInitialized   0x1               src/LUFA/LUFA/Drivers/USB/Core/USBTask.o
USB_Device_ConfigurationNumber
                    0x1               src/LUFA/LUFA/Drivers/USB/Core/DeviceStandardReq.o
USB_ControlRequest  0x8               src/LUFA/LUFA/Drivers/USB/Core/USBTask.o

Discarded input sections

 .data          0x00000000        0x0 C:/Program Files (x86)/Atmel/Studio/7.0/Packs/atmel/ATmega_DFP/1.0.106/gcc/dev/atmega32u4/avr5/crtatmega32u4.o
 .bss           0x00000000        0x0 C:/Program Files (x86)/Atmel/Studio/7.0/Packs/atmel/ATmega_DFP/1.0.106/gcc/dev/atmega32u4/avr5/crtatmega32u4.o
 .group         0x00000000        0x8 BootloaderAPI.o
 .group         0x00000000        0x8 BootloaderAPI.o
 .group         0x00000000        0x8 BootloaderAPI.o
 .group         0x00000000        0x8 BootloaderAPI.o
 .group         0x00000000        0x8 BootloaderAPI.o
 .group         0x00000000        0x8 BootloaderAPI.o
 .group         0x00000000        0x8 BootloaderAPI.o
 .group         0x00000000        0x8 BootloaderAPI.o
 .group         0x00000000        0x8 BootloaderAPI.o
 .group         0x00000000        0x8 BootloaderAPI.o
 .group         0x00000000        0x8 BootloaderAPI.o
 .group         0x00000000        0x8 BootloaderAPI.o
 .group         0x00000000        0x8 BootloaderAPI.o
 .group         0x00000000        0x8 BootloaderAPI.o
 .group         0x00000000        0x8 BootloaderAPI.o
 .group         0x00000000        0x8 BootloaderAPI.o
 .group         0x00000000        0x8 BootloaderAPI.o
 .group         0x00000000        0x8 BootloaderAPI.o
 .group         0x00000000        0x8 BootloaderAPI.o
 .group         0x00000000        0x8 BootloaderAPI.o
 .group         0x00000000        0x8 BootloaderAPI.o
 .group         0x00000000        0x8 BootloaderAPI.o
 .group         0x00000000        0x8 BootloaderAPI.o
 .group         0x00000000        0x8 BootloaderAPI.o
 .group         0x00000000        0x8 BootloaderAPI.o
 .group         0x00000000        0x8 BootloaderAPI.o
 .group         0x00000000        0x8 BootloaderAPI.o
 .group         0x00000000        0x8 BootloaderAPI.o
 .group         0x00000000        0x8 BootloaderAPI.o
 .group         0x00000000        0x8 BootloaderAPI.o
 .group         0x00000000        0x8 BootloaderAPI.o
 .group         0x00000000        0x8 BootloaderAPI.o
 .group         0x00000000        0x8 BootloaderAPI.o
 .group         0x00000000        0x8 BootloaderAPI.o
[...]
Memory Configuration

Name             Origin             Length             Attributes
text             0x00000000         0x00020000         xr
data             0x00800060         0x0000ffa0         rw !x
eeprom           0x00810000         0x00010000         rw !x
fuse             0x00820000         0x00000400         rw !x
lock             0x00830000         0x00000400         rw !x
signature        0x00840000         0x00000400         rw !x
user_signatures  0x00850000         0x00000400         rw !x
*default*        0x00000000         0xffffffff

Linker script and memory map

Address of section .data set to 0x800100
LOAD C:/Program Files (x86)/Atmel/Studio/7.0/Packs/atmel/ATmega_DFP/1.0.106/gcc/dev/atmega32u4/avr5/crtatmega32u4.o
LOAD BootloaderAPI.o
LOAD BootloaderAPITable.o
LOAD BootloaderMassStorage.o
LOAD Descriptors.o
LOAD Lib/SCSI.o
LOAD Lib/VirtualFAT.o
LOAD src/LUFA/LUFA/Drivers/USB/Class/Common/HIDParser.o
LOAD src/LUFA/LUFA/Drivers/USB/Class/Device/AudioClassDevice.o
LOAD src/LUFA/LUFA/Drivers/USB/Class/Device/CDCClassDevice.o
LOAD src/LUFA/LUFA/Drivers/USB/Class/Device/HIDClassDevice.o
LOAD src/LUFA/LUFA/Drivers/USB/Class/Device/MassStorageClassDevice.o
LOAD src/LUFA/LUFA/Drivers/USB/Class/Device/MIDIClassDevice.o
LOAD src/LUFA/LUFA/Drivers/USB/Class/Device/PrinterClassDevice.o
LOAD src/LUFA/LUFA/Drivers/USB/Class/Device/RNDISClassDevice.o
LOAD src/LUFA/LUFA/Drivers/USB/Class/Host/AndroidAccessoryClassHost.o
LOAD src/LUFA/LUFA/Drivers/USB/Class/Host/AudioClassHost.o
LOAD src/LUFA/LUFA/Drivers/USB/Class/Host/CDCClassHost.o
LOAD src/LUFA/LUFA/Drivers/USB/Class/Host/HIDClassHost.o
LOAD src/LUFA/LUFA/Drivers/USB/Class/Host/MassStorageClassHost.o
LOAD src/LUFA/LUFA/Drivers/USB/Class/Host/MIDIClassHost.o
LOAD src/LUFA/LUFA/Drivers/USB/Class/Host/PrinterClassHost.o
LOAD src/LUFA/LUFA/Drivers/USB/Class/Host/RNDISClassHost.o
LOAD src/LUFA/LUFA/Drivers/USB/Class/Host/StillImageClassHost.o
LOAD src/LUFA/LUFA/Drivers/USB/Core/AVR8/Device_AVR8.o
LOAD src/LUFA/LUFA/Drivers/USB/Core/AVR8/EndpointStream_AVR8.o
LOAD src/LUFA/LUFA/Drivers/USB/Core/AVR8/Endpoint_AVR8.o
LOAD src/LUFA/LUFA/Drivers/USB/Core/AVR8/Host_AVR8.o
LOAD src/LUFA/LUFA/Drivers/USB/Core/AVR8/PipeStream_AVR8.o
LOAD src/LUFA/LUFA/Drivers/USB/Core/AVR8/Pipe_AVR8.o
LOAD src/LUFA/LUFA/Drivers/USB/Core/AVR8/Template/Template_Endpoint_Control_R.o
LOAD src/LUFA/LUFA/Drivers/USB/Core/AVR8/Template/Template_Endpoint_Control_W.o
LOAD src/LUFA/LUFA/Drivers/USB/Core/AVR8/Template/Template_Endpoint_RW.o
LOAD src/LUFA/LUFA/Drivers/USB/Core/AVR8/Template/Template_Pipe_RW.o
LOAD src/LUFA/LUFA/Drivers/USB/Core/AVR8/USBController_AVR8.o
LOAD src/LUFA/LUFA/Drivers/USB/Core/AVR8/USBInterrupt_AVR8.o
LOAD src/LUFA/LUFA/Drivers/USB/Core/ConfigDescriptors.o
LOAD src/LUFA/LUFA/Drivers/USB/Core/DeviceStandardReq.o
LOAD src/LUFA/LUFA/Drivers/USB/Core/Events.o
LOAD src/LUFA/LUFA/Drivers/USB/Core/HostStandardReq.o
LOAD src/LUFA/LUFA/Drivers/USB/Core/USBTask.o
START GROUP
LOAD c:/program files (x86)/atmel/studio/7.0/toolchain/avr8/avr8-gnu-toolchain/bin/../lib/gcc/avr/4.9.2/../../../../avr/lib/avr5\libm.a
END GROUP
Address of section .apitable_jumptable set to 0x7fe0
Address of section .apitable_signatures set to 0x7ff8
Address of section .apitable_trampolines set to 0x7fa0
Address of section .boot_aux set to 0x6810
Address of section .boot_aux_trampoline set to 0x6800
Address of section .text set to 0x7000
START GROUP
LOAD c:/program files (x86)/atmel/studio/7.0/toolchain/avr8/avr8-gnu-toolchain/bin/../lib/gcc/avr/4.9.2/avr5\libgcc.a
LOAD c:/program files (x86)/atmel/studio/7.0/toolchain/avr8/avr8-gnu-toolchain/bin/../lib/gcc/avr/4.9.2/../../../../avr/lib/avr5\libm.a
LOAD c:/program files (x86)/atmel/studio/7.0/toolchain/avr8/avr8-gnu-toolchain/bin/../lib/gcc/avr/4.9.2/../../../../avr/lib/avr5\libc.a
LOAD C:/Program Files (x86)/Atmel/Studio/7.0/Packs/atmel/ATmega_DFP/1.0.106/gcc/dev/atmega32u4/avr5\libatmega32u4.a
END GROUP
                0x00020000                __TEXT_REGION_LENGTH__ = DEFINED (__TEXT_REGION_LENGTH__)?__TEXT_REGION_LENGTH__:0x20000
                0x0000ffa0                __DATA_REGION_LENGTH__ = DEFINED (__DATA_REGION_LENGTH__)?__DATA_REGION_LENGTH__:0xffa0
                0x00010000                __EEPROM_REGION_LENGTH__ = DEFINED (__EEPROM_REGION_LENGTH__)?__EEPROM_REGION_LENGTH__:0x10000
                0x00000400                __FUSE_REGION_LENGTH__ = DEFINED (__FUSE_REGION_LENGTH__)?__FUSE_REGION_LENGTH__:0x400
                0x00000400                __LOCK_REGION_LENGTH__ = DEFINED (__LOCK_REGION_LENGTH__)?__LOCK_REGION_LENGTH__:0x400
                0x00000400                __SIGNATURE_REGION_LENGTH__ = DEFINED (__SIGNATURE_REGION_LENGTH__)?__SIGNATURE_REGION_LENGTH__:0x400
                0x00000400                __USER_SIGNATURE_REGION_LENGTH__ = DEFINED (__USER_SIGNATURE_REGION_LENGTH__)?__USER_SIGNATURE_REGION_LENGTH__:0x400

.hash
 *(.hash)

.dynsym
 *(.dynsym)

.dynstr
 *(.dynstr)

.gnu.version
 *(.gnu.version)

.gnu.version_d
 *(.gnu.version_d)

.gnu.version_r
 *(.gnu.version_r)

.rel.init
 *(.rel.init)

.rela.init
 *(.rela.init)

.rel.text
 *(.rel.text)
 *(.rel.text.*)
 *(.rel.gnu.linkonce.t*)

.rela.text
 *(.rela.text)
 *(.rela.text.*)
 *(.rela.gnu.linkonce.t*)

.rel.fini
 *(.rel.fini)

.rela.fini
 *(.rela.fini)

.rel.rodata
 *(.rel.rodata)
 *(.rel.rodata.*)
 *(.rel.gnu.linkonce.r*)

.rela.rodata
 *(.rela.rodata)
 *(.rela.rodata.*)
 *(.rela.gnu.linkonce.r*)

.rel.data
 *(.rel.data)
 *(.rel.data.*)
 *(.rel.gnu.linkonce.d*)

.rela.data
 *(.rela.data)
 *(.rela.data.*)
 *(.rela.gnu.linkonce.d*)

.rel.ctors
 *(.rel.ctors)

.rela.ctors
 *(.rela.ctors)

.rel.dtors
 *(.rel.dtors)

.rela.dtors
 *(.rela.dtors)

.rel.got
 *(.rel.got)

.rela.got
 *(.rela.got)

.rel.bss
 *(.rel.bss)

.rela.bss
 *(.rela.bss)

.rel.plt
 *(.rel.plt)

.rela.plt
 *(.rela.plt)

.text           0x00007000      0xe62
 *(.vectors)
 .vectors       0x00007000       0xac C:/Program Files (x86)/Atmel/Studio/7.0/Packs/atmel/ATmega_DFP/1.0.106/gcc/dev/atmega32u4/avr5/crtatmega32u4.o
                0x00007000                __vector_default
                0x00007000                __vectors
 *(.vectors)
 *(.progmem.gcc*)
                0x000070ac                . = ALIGN (0x2)
                0x000070ac                __trampolines_start = .
 *(.trampolines)
 .trampolines   0x000070ac        0x0 linker stubs
 *(.trampolines*)
                0x000070ac                __trampolines_end = .
 *(.progmem*)
                0x000070ac                . = ALIGN (0x2)
 *(.jumptables)
 *(.jumptables*)
 *(.lowtext)
 *(.lowtext*)
                0x000070ac                __ctors_start = .
 *(.ctors)
                0x000070ac                __ctors_end = .
                0x000070ac                __dtors_start = .
 *(.dtors)
                0x000070ac                __dtors_end = .
 SORT(*)(.ctors)
 SORT(*)(.dtors)
 *(.init0)
 .init0         0x000070ac        0x0 C:/Program Files (x86)/Atmel/Studio/7.0/Packs/atmel/ATmega_DFP/1.0.106/gcc/dev/atmega32u4/avr5/crtatmega32u4.o
                0x000070ac                __init
 *(.init0)
 *(.init1)
 *(.init1)
 *(.init2)
 .init2         0x000070ac        0xc C:/Program Files (x86)/Atmel/Studio/7.0/Packs/atmel/ATmega_DFP/1.0.106/gcc/dev/atmega32u4/avr5/crtatmega32u4.o
 *(.init2)
 *(.init3)
 .init3         0x000070b8       0x22 BootloaderMassStorage.o
                0x000070b8                Application_Jump_Check
 *(.init3)
 *(.init4)
 .init4         0x000070da       0x16 c:/program files (x86)/atmel/studio/7.0/toolchain/avr8/avr8-gnu-toolchain/bin/../lib/gcc/avr/4.9.2/avr5\libgcc.a(_copy_data.o)
                0x000070da                __do_copy_data
 .init4         0x000070f0       0x10 c:/program files (x86)/atmel/studio/7.0/toolchain/avr8/avr8-gnu-toolchain/bin/../lib/gcc/avr/4.9.2/avr5\libgcc.a(_clear_bss.o)
                0x000070f0                __do_clear_bss
 *(.init4)
 *(.init5)
 *(.init5)
 *(.init6)
 *(.init6)
 *(.init7)
 *(.init7)
 *(.init8)
 *(.init8)
 *(.init9)
 .init9         0x00007100        0x4 C:/Program Files (x86)/Atmel/Studio/7.0/Packs/atmel/ATmega_DFP/1.0.106/gcc/dev/atmega32u4/avr5/crtatmega32u4.o
 *(.init9)
 *(.text)
 .text          0x00007104        0x2 C:/Program Files (x86)/Atmel/Studio/7.0/Packs/atmel/ATmega_DFP/1.0.106/gcc/dev/atmega32u4/avr5/crtatmega32u4.o
                0x00007104                __vector_38
                0x00007104                __vector_22
                0x00007104                __vector_28
                0x00007104                __vector_1
                0x00007104                __vector_32
                0x00007104                __vector_34
                0x00007104                __vector_24
                0x00007104                __vector_12
                0x00007104                __bad_interrupt
                0x00007104                __vector_6
                0x00007104                __vector_31
                0x00007104                __vector_35
                0x00007104                __vector_39
                0x00007104                __vector_3
                0x00007104                __vector_23
                0x00007104                __vector_30
                0x00007104                __vector_25
                0x00007104                __vector_13
                0x00007104                __vector_17
                0x00007104                __vector_19
                0x00007104                __vector_7
                0x00007104                __vector_41
                0x00007104                __vector_27
                0x00007104                __vector_5
                0x00007104                __vector_33
                0x00007104                __vector_37
                0x00007104                __vector_4
                0x00007104                __vector_9
                0x00007104                __vector_2
                0x00007104                __vector_21
                0x00007104                __vector_15
                0x00007104                __vector_36
                0x00007104                __vector_29
                0x00007104                __vector_40
                0x00007104                __vector_8
                0x00007104                __vector_26
                0x00007104                __vector_14
                0x00007104                __vector_16
                0x00007104                __vector_18
                0x00007104                __vector_20
                0x00007104                __vector_42
                0x00007106                . = ALIGN (0x2)
 *(.text.*)
 .text.BootloaderAPI_ErasePage
                0x00007106       0x24 BootloaderAPI.o
                0x00007106                BootloaderAPI_ErasePage
 .text.BootloaderAPI_WritePage
                0x0000712a       0x24 BootloaderAPI.o
                0x0000712a                BootloaderAPI_WritePage
 .text.BootloaderAPI_FillWord
                0x0000714e       0x1a BootloaderAPI.o
                0x0000714e                BootloaderAPI_FillWord
 .text.MS_Device_ProcessControlRequest
                0x00007168       0x7a src/LUFA/LUFA/Drivers/USB/Class/Device/MassStorageClassDevice.o
                0x00007168                MS_Device_ProcessControlRequest
 .text.MS_Device_ConfigureEndpoints
                0x000071e2       0x34 src/LUFA/LUFA/Drivers/USB/Class/Device/MassStorageClassDevice.o
                0x000071e2                MS_Device_ConfigureEndpoints
 .text.MS_Device_USBTask
                0x00007216      0x266 src/LUFA/LUFA/Drivers/USB/Class/Device/MassStorageClassDevice.o
                0x00007216                MS_Device_USBTask
 .text.Endpoint_Null_Stream
                0x0000747c       0x9e src/LUFA/LUFA/Drivers/USB/Core/AVR8/EndpointStream_AVR8.o
                0x0000747c                Endpoint_Null_Stream
 .text.Endpoint_Write_Stream_LE
                0x0000751a       0xb8 src/LUFA/LUFA/Drivers/USB/Core/AVR8/EndpointStream_AVR8.o
                0x0000751a                Endpoint_Write_Stream_LE
 .text.Endpoint_Read_Stream_LE
                0x000075d2       0xb8 src/LUFA/LUFA/Drivers/USB/Core/AVR8/EndpointStream_AVR8.o
                0x000075d2                Endpoint_Read_Stream_LE
 .text.Endpoint_Write_Control_Stream_LE
                0x0000768a      0x104 src/LUFA/LUFA/Drivers/USB/Core/AVR8/EndpointStream_AVR8.o
                0x0000768a                Endpoint_Write_Control_Stream_LE
 .text.Endpoint_ConfigureEndpoint_Prv
                0x0000778e       0x28 src/LUFA/LUFA/Drivers/USB/Core/AVR8/Endpoint_AVR8.o
                0x0000778e                Endpoint_ConfigureEndpoint_Prv
 .text.Endpoint_ConfigureEndpointTable
                0x000077b6       0xcc src/LUFA/LUFA/Drivers/USB/Core/AVR8/Endpoint_AVR8.o
                0x000077b6                Endpoint_ConfigureEndpointTable
 .text.Endpoint_ClearStatusStage
                0x00007882       0x44 src/LUFA/LUFA/Drivers/USB/Core/AVR8/Endpoint_AVR8.o
                0x00007882                Endpoint_ClearStatusStage
 .text.Endpoint_WaitUntilReady
                0x000078c6       0x80 src/LUFA/LUFA/Drivers/USB/Core/AVR8/Endpoint_AVR8.o
                0x000078c6                Endpoint_WaitUntilReady
 .text.USB_ResetInterface
                0x00007946       0x76 src/LUFA/LUFA/Drivers/USB/Core/AVR8/USBController_AVR8.o
                0x00007946                USB_ResetInterface
 .text.USB_Init
                0x000079bc       0x22 src/LUFA/LUFA/Drivers/USB/Core/AVR8/USBController_AVR8.o
                0x000079bc                USB_Init
 .text.USB_INT_DisableAllInterrupts
                0x000079de       0x10 src/LUFA/LUFA/Drivers/USB/Core/AVR8/USBInterrupt_AVR8.o
                0x000079de                USB_INT_DisableAllInterrupts
 .text.USB_INT_ClearAllInterrupts
                0x000079ee        0xa src/LUFA/LUFA/Drivers/USB/Core/AVR8/USBInterrupt_AVR8.o
                0x000079ee                USB_INT_ClearAllInterrupts
 .text.__vector_10
                0x000079f8      0x166 src/LUFA/LUFA/Drivers/USB/Core/AVR8/USBInterrupt_AVR8.o
                0x000079f8                __vector_10
 .text.__vector_11
                0x00007b5e       0xa0 src/LUFA/LUFA/Drivers/USB/Core/AVR8/USBInterrupt_AVR8.o
                0x00007b5e                __vector_11
 .text.USB_Device_ProcessControlRequest
                0x00007bfe      0x22c src/LUFA/LUFA/Drivers/USB/Core/DeviceStandardReq.o
                0x00007bfe                USB_Device_ProcessControlRequest
 .text.USB_Event_Stub
                0x00007e2a        0x2 src/LUFA/LUFA/Drivers/USB/Core/Events.o
                0x00007e2a                USB_Event_Stub
                0x00007e2a                EVENT_USB_Device_Suspend
                0x00007e2a                EVENT_USB_Device_StartOfFrame
                0x00007e2a                EVENT_USB_Device_Reset
                0x00007e2a                EVENT_USB_Device_WakeUp
 .text.USB_USBTask
                0x00007e2c       0x32 src/LUFA/LUFA/Drivers/USB/Core/USBTask.o
                0x00007e2c                USB_USBTask
                0x00007e5e                . = ALIGN (0x2)
 *(.fini9)
 .fini9         0x00007e5e        0x0 c:/program files (x86)/atmel/studio/7.0/toolchain/avr8/avr8-gnu-toolchain/bin/../lib/gcc/avr/4.9.2/avr5\libgcc.a(_exit.o)
                0x00007e5e                _exit
                0x00007e5e                exit
 *(.fini9)
 *(.fini8)
 *(.fini8)
 *(.fini7)
 *(.fini7)
 *(.fini6)
 *(.fini6)
 *(.fini5)
 *(.fini5)
 *(.fini4)
 *(.fini4)
 *(.fini3)
 *(.fini3)
 *(.fini2)
 *(.fini2)
 *(.fini1)
 *(.fini1)
 *(.fini0)
 .fini0         0x00007e5e        0x4 c:/program files (x86)/atmel/studio/7.0/toolchain/avr8/avr8-gnu-toolchain/bin/../lib/gcc/avr/4.9.2/avr5\libgcc.a(_exit.o)
 *(.fini0)
                0x00007e62                _etext = .

.data           0x00800100      0x100 load address 0x00007e62
                0x00800100                PROVIDE (__data_start, .)
 *(.data)
 *(.data*)
 .data.RunBootloader
                0x00800100        0x1 BootloaderMassStorage.o
                0x00800100                RunBootloader
 .data.Disk_MS_Interface
                0x00800101       0x39 BootloaderMassStorage.o
                0x00800101                Disk_MS_Interface
 .data.SenseData
                0x0080013a       0x12 Lib/SCSI.o
 .data.FirmwareFileEntries
                0x0080014c       0x20 Lib/VirtualFAT.o
 *(.rodata)
 *(.rodata*)
 .rodata.ConfigurationDescriptor
                0x0080016c       0x20 Descriptors.o
                0x0080016c                ConfigurationDescriptor
 .rodata.DeviceDescriptor
                0x0080018c       0x12 Descriptors.o
                0x0080018c                DeviceDescriptor
 .rodata.InquiryData
                0x0080019e       0x24 Lib/SCSI.o
 .rodata.BootBlock
                0x008001c2       0x3e Lib/VirtualFAT.o
 *(.gnu.linkonce.d*)
                0x00800200                . = ALIGN (0x2)
                0x00800200                _edata = .
                0x00800200                PROVIDE (__data_end, .)

.bss            0x00800200        0xb
                0x00800200                PROVIDE (__bss_start, .)
 *(.bss)
 *(.bss*)
 .bss.TicksSinceLastCommand
                0x00800200        0x1 BootloaderMassStorage.o
 *(COMMON)
 COMMON         0x00800201        0x1 src/LUFA/LUFA/Drivers/USB/Core/DeviceStandardReq.o
                0x00800201                USB_Device_ConfigurationNumber
 COMMON         0x00800202        0x9 src/LUFA/LUFA/Drivers/USB/Core/USBTask.o
                0x00800202                USB_IsInitialized
                0x00800203                USB_ControlRequest
                0x0080020b                PROVIDE (__bss_end, .)
                0x00007e62                __data_load_start = LOADADDR (.data)
                0x00007f62                __data_load_end = (__data_load_start + SIZEOF (.data))

.noinit         0x0080020b        0x2
                [!provide]                PROVIDE (__noinit_start, .)
 *(.noinit*)
 .noinit        0x0080020b        0x2 BootloaderMassStorage.o
                0x0080020b                MagicBootKey
                [!provide]                PROVIDE (__noinit_end, .)
                0x0080020d                _end = .
                [!provide]                PROVIDE (__heap_start, .)

.eeprom         0x00810000        0x0
 *(.eeprom*)
                0x00810000                __eeprom_end = .

.fuse
 *(.fuse)
 *(.lfuse)
 *(.hfuse)
 *(.efuse)

.lock
 *(.lock*)

.signature
 *(.signature*)

.user_signatures
 *(.user_signatures*)

.stab
 *(.stab)

.stabstr
 *(.stabstr)

.stab.excl
 *(.stab.excl)

.stab.exclstr
 *(.stab.exclstr)

.stab.index
 *(.stab.index)

.stab.indexstr
 *(.stab.indexstr)

.comment        0x00000000       0x30
 *(.comment)
 .comment       0x00000000       0x30 BootloaderAPI.o
                                 0x31 (size before relaxing)
 .comment       0x00000030       0x31 BootloaderMassStorage.o
 .comment       0x00000030       0x31 Descriptors.o
 .comment       0x00000030       0x31 Lib/SCSI.o
 .comment       0x00000030       0x31 Lib/VirtualFAT.o
 .comment       0x00000030       0x31 src/LUFA/LUFA/Drivers/USB/Class/Device/MassStorageClassDevice.o
 .comment       0x00000030       0x31 src/LUFA/LUFA/Drivers/USB/Core/AVR8/EndpointStream_AVR8.o
 .comment       0x00000030       0x31 src/LUFA/LUFA/Drivers/USB/Core/AVR8/Endpoint_AVR8.o
 .comment       0x00000030       0x31 src/LUFA/LUFA/Drivers/USB/Core/AVR8/USBController_AVR8.o
 .comment       0x00000030       0x31 src/LUFA/LUFA/Drivers/USB/Core/AVR8/USBInterrupt_AVR8.o
 .comment       0x00000030       0x31 src/LUFA/LUFA/Drivers/USB/Core/DeviceStandardReq.o
 .comment       0x00000030       0x31 src/LUFA/LUFA/Drivers/USB/Core/Events.o
 .comment       0x00000030       0x31 src/LUFA/LUFA/Drivers/USB/Core/USBTask.o

.note.gnu.avr.deviceinfo
                0x00000000       0x40
 .note.gnu.avr.deviceinfo
                0x00000000       0x40 C:/Program Files (x86)/Atmel/Studio/7.0/Packs/atmel/ATmega_DFP/1.0.106/gcc/dev/atmega32u4/avr5/crtatmega32u4.o

.note.gnu.build-id
 *(.note.gnu.build-id)

.debug
 *(.debug)

.line
 *(.line)

.debug_srcinfo
 *(.debug_srcinfo)

.debug_sfnames
 *(.debug_sfnames)

.debug_aranges  0x00000000      0x320
 *(.debug_aranges)
 .debug_aranges
                0x00000000       0x30 BootloaderAPI.o
 .debug_aranges
                0x00000030       0x30 BootloaderAPITable.o
 .debug_aranges
                0x00000060       0x50 BootloaderMassStorage.o
 .debug_aranges
                0x000000b0       0x20 Descriptors.o
 .debug_aranges
                0x000000d0       0x28 Lib/SCSI.o
 .debug_aranges
                0x000000f8       0x28 Lib/VirtualFAT.o
 .debug_aranges
                0x00000120       0x30 src/LUFA/LUFA/Drivers/USB/Class/Device/MassStorageClassDevice.o
 .debug_aranges
                0x00000150       0xc8 src/LUFA/LUFA/Drivers/USB/Core/AVR8/EndpointStream_AVR8.o
 .debug_aranges
                0x00000218       0x40 src/LUFA/LUFA/Drivers/USB/Core/AVR8/Endpoint_AVR8.o
 .debug_aranges
                0x00000258       0x30 src/LUFA/LUFA/Drivers/USB/Core/AVR8/USBController_AVR8.o
 .debug_aranges
                0x00000288       0x38 src/LUFA/LUFA/Drivers/USB/Core/AVR8/USBInterrupt_AVR8.o
 .debug_aranges
                0x000002c0       0x20 src/LUFA/LUFA/Drivers/USB/Core/DeviceStandardReq.o
 .debug_aranges
                0x000002e0       0x20 src/LUFA/LUFA/Drivers/USB/Core/Events.o
 .debug_aranges
                0x00000300       0x20 src/LUFA/LUFA/Drivers/USB/Core/USBTask.o

.debug_pubnames
 *(.debug_pubnames)

.debug_info     0x00000000     0x5df5
 *(.debug_info .gnu.linkonce.wi.*)
 .debug_info    0x00000000      0x13c BootloaderAPI.o
 .debug_info    0x0000013c       0x81 BootloaderAPITable.o
 .debug_info    0x000001bd      0x6da BootloaderMassStorage.o
 .debug_info    0x00000897      0x4e3 Descriptors.o
 .debug_info    0x00000d7a      0xb26 Lib/SCSI.o
 .debug_info    0x000018a0      0x83d Lib/VirtualFAT.o
 .debug_info    0x000020dd      0x958 src/LUFA/LUFA/Drivers/USB/Class/Device/MassStorageClassDevice.o
 .debug_info    0x00002a35     0x17b4 src/LUFA/LUFA/Drivers/USB/Core/AVR8/EndpointStream_AVR8.o
 .debug_info    0x000041e9      0x58a src/LUFA/LUFA/Drivers/USB/Core/AVR8/Endpoint_AVR8.o
 .debug_info    0x00004773      0x4a2 src/LUFA/LUFA/Drivers/USB/Core/AVR8/USBController_AVR8.o
 .debug_info    0x00004c15      0x752 src/LUFA/LUFA/Drivers/USB/Core/AVR8/USBInterrupt_AVR8.o
 .debug_info    0x00005367      0x7ba src/LUFA/LUFA/Drivers/USB/Core/DeviceStandardReq.o
 .debug_info    0x00005b21       0x7c src/LUFA/LUFA/Drivers/USB/Core/Events.o
 .debug_info    0x00005b9d      0x258 src/LUFA/LUFA/Drivers/USB/Core/USBTask.o

.debug_abbrev   0x00000000     0x1879
 *(.debug_abbrev)
 .debug_abbrev  0x00000000       0x6c BootloaderAPI.o
 .debug_abbrev  0x0000006c       0x12 BootloaderAPITable.o
 .debug_abbrev  0x0000007e      0x32d BootloaderMassStorage.o
 .debug_abbrev  0x000003ab      0x117 Descriptors.o
 .debug_abbrev  0x000004c2      0x2ce Lib/SCSI.o
 .debug_abbrev  0x00000790      0x230 Lib/VirtualFAT.o
 .debug_abbrev  0x000009c0      0x297 src/LUFA/LUFA/Drivers/USB/Class/Device/MassStorageClassDevice.o
 .debug_abbrev  0x00000c57      0x200 src/LUFA/LUFA/Drivers/USB/Core/AVR8/EndpointStream_AVR8.o
 .debug_abbrev  0x00000e57      0x231 src/LUFA/LUFA/Drivers/USB/Core/AVR8/Endpoint_AVR8.o
 .debug_abbrev  0x00001088      0x18b src/LUFA/LUFA/Drivers/USB/Core/AVR8/USBController_AVR8.o
 .debug_abbrev  0x00001213      0x23a src/LUFA/LUFA/Drivers/USB/Core/AVR8/USBInterrupt_AVR8.o
 .debug_abbrev  0x0000144d      0x27a src/LUFA/LUFA/Drivers/USB/Core/DeviceStandardReq.o
 .debug_abbrev  0x000016c7       0x47 src/LUFA/LUFA/Drivers/USB/Core/Events.o
 .debug_abbrev  0x0000170e      0x16b src/LUFA/LUFA/Drivers/USB/Core/USBTask.o

.debug_line     0x00000000     0xa27a
 *(.debug_line .debug_line.* .debug_line_end)
 .debug_line    0x00000000      0x4e3 BootloaderAPI.o
 .debug_line    0x000004e3       0x73 BootloaderAPITable.o
 .debug_line    0x00000556      0xeff BootloaderMassStorage.o
 .debug_line    0x00001455      0xcb5 Descriptors.o
 .debug_line    0x0000210a      0xefd Lib/SCSI.o
 .debug_line    0x00003007      0xd46 Lib/VirtualFAT.o
 .debug_line    0x00003d4d     0x10c6 src/LUFA/LUFA/Drivers/USB/Class/Device/MassStorageClassDevice.o
 .debug_line    0x00004e13     0x1e72 src/LUFA/LUFA/Drivers/USB/Core/AVR8/EndpointStream_AVR8.o
 .debug_line    0x00006c85      0xbb1 src/LUFA/LUFA/Drivers/USB/Core/AVR8/Endpoint_AVR8.o
 .debug_line    0x00007836      0x8c6 src/LUFA/LUFA/Drivers/USB/Core/AVR8/USBController_AVR8.o
 .debug_line    0x000080fc      0xb44 src/LUFA/LUFA/Drivers/USB/Core/AVR8/USBInterrupt_AVR8.o
 .debug_line    0x00008c40      0x9c6 src/LUFA/LUFA/Drivers/USB/Core/DeviceStandardReq.o
 .debug_line    0x00009606      0x47a src/LUFA/LUFA/Drivers/USB/Core/Events.o
 .debug_line    0x00009a80      0x7fa src/LUFA/LUFA/Drivers/USB/Core/USBTask.o

.debug_frame    0x00000000      0xb30
 *(.debug_frame)
 .debug_frame   0x00000000       0x44 BootloaderAPI.o
 .debug_frame   0x00000044       0x84 BootloaderMassStorage.o
 .debug_frame   0x000000c8       0x24 Descriptors.o
 .debug_frame   0x000000ec       0x84 Lib/SCSI.o
 .debug_frame   0x00000170       0x84 Lib/VirtualFAT.o
 .debug_frame   0x000001f4       0x80 src/LUFA/LUFA/Drivers/USB/Class/Device/MassStorageClassDevice.o
 .debug_frame   0x00000274      0x618 src/LUFA/LUFA/Drivers/USB/Core/AVR8/EndpointStream_AVR8.o
 .debug_frame   0x0000088c       0xbc src/LUFA/LUFA/Drivers/USB/Core/AVR8/Endpoint_AVR8.o
 .debug_frame   0x00000948       0x58 src/LUFA/LUFA/Drivers/USB/Core/AVR8/USBController_AVR8.o
 .debug_frame   0x000009a0      0x100 src/LUFA/LUFA/Drivers/USB/Core/AVR8/USBInterrupt_AVR8.o
 .debug_frame   0x00000aa0       0x40 src/LUFA/LUFA/Drivers/USB/Core/DeviceStandardReq.o
 .debug_frame   0x00000ae0       0x24 src/LUFA/LUFA/Drivers/USB/Core/Events.o
 .debug_frame   0x00000b04       0x2c src/LUFA/LUFA/Drivers/USB/Core/USBTask.o

.debug_str      0x00000000    0x17f39
 *(.debug_str)
 .debug_str     0x00000000     0xdd33 BootloaderAPI.o
                               0xdf76 (size before relaxing)
 .debug_str     0x0000dd33     0x7e52 BootloaderMassStorage.o
                              0x15d98 (size before relaxing)
 .debug_str     0x00015b85      0x525 Descriptors.o
                              0x1516d (size before relaxing)
 .debug_str     0x000160aa      0x34d Lib/SCSI.o
                              0x15c3f (size before relaxing)
 .debug_str     0x000163f7      0x441 Lib/VirtualFAT.o
                              0x15487 (size before relaxing)
 .debug_str     0x00016838      0x44a src/LUFA/LUFA/Drivers/USB/Class/Device/MassStorageClassDevice.o
                              0x1519b (size before relaxing)
 .debug_str     0x00016c82      0x901 src/LUFA/LUFA/Drivers/USB/Core/AVR8/EndpointStream_AVR8.o
                               0xf74d (size before relaxing)
 .debug_str     0x00017583      0x24c src/LUFA/LUFA/Drivers/USB/Core/AVR8/Endpoint_AVR8.o
                               0xedd9 (size before relaxing)
 .debug_str     0x000177cf      0x25a src/LUFA/LUFA/Drivers/USB/Core/AVR8/USBController_AVR8.o
                               0xed1d (size before relaxing)
 .debug_str     0x00017a29      0x178 src/LUFA/LUFA/Drivers/USB/Core/AVR8/USBInterrupt_AVR8.o
                               0xed9c (size before relaxing)
 .debug_str     0x00017ba1      0x2e3 src/LUFA/LUFA/Drivers/USB/Core/DeviceStandardReq.o
                               0xef66 (size before relaxing)
 .debug_str     0x00017e84       0x53 src/LUFA/LUFA/Drivers/USB/Core/Events.o
                               0xdf6b (size before relaxing)
 .debug_str     0x00017ed7       0x62 src/LUFA/LUFA/Drivers/USB/Core/USBTask.o
                               0xeb7b (size before relaxing)

.debug_loc      0x00000000     0x3ee2
 *(.debug_loc)
 .debug_loc     0x00000000       0x86 BootloaderMassStorage.o
 .debug_loc     0x00000086       0xaa Descriptors.o
 .debug_loc     0x00000130      0x597 Lib/SCSI.o
 .debug_loc     0x000006c7      0x30f Lib/VirtualFAT.o
 .debug_loc     0x000009d6      0x2cd src/LUFA/LUFA/Drivers/USB/Class/Device/MassStorageClassDevice.o
 .debug_loc     0x00000ca3     0x27c3 src/LUFA/LUFA/Drivers/USB/Core/AVR8/EndpointStream_AVR8.o
 .debug_loc     0x00003466      0x433 src/LUFA/LUFA/Drivers/USB/Core/AVR8/Endpoint_AVR8.o
 .debug_loc     0x00003899       0x49 src/LUFA/LUFA/Drivers/USB/Core/AVR8/USBController_AVR8.o
 .debug_loc     0x000038e2      0x36f src/LUFA/LUFA/Drivers/USB/Core/AVR8/USBInterrupt_AVR8.o
 .debug_loc     0x00003c51      0x248 src/LUFA/LUFA/Drivers/USB/Core/DeviceStandardReq.o
 .debug_loc     0x00003e99       0x49 src/LUFA/LUFA/Drivers/USB/Core/USBTask.o

.debug_macinfo
 *(.debug_macinfo)

.debug_weaknames
 *(.debug_weaknames)

.debug_funcnames
 *(.debug_funcnames)

.debug_typenames
 *(.debug_typenames)

.debug_varnames
 *(.debug_varnames)

.debug_pubtypes
 *(.debug_pubtypes)

.debug_ranges   0x00000000      0xc60
 *(.debug_ranges)
 .debug_ranges  0x00000000       0x20 BootloaderAPI.o
 .debug_ranges  0x00000020       0x28 BootloaderAPITable.o
 .debug_ranges  0x00000048       0x70 BootloaderMassStorage.o
 .debug_ranges  0x000000b8       0x10 Descriptors.o
 .debug_ranges  0x000000c8       0x30 Lib/SCSI.o
 .debug_ranges  0x000000f8       0x18 Lib/VirtualFAT.o
 .debug_ranges  0x00000110       0x50 src/LUFA/LUFA/Drivers/USB/Class/Device/MassStorageClassDevice.o
 .debug_ranges  0x00000160      0x918 src/LUFA/LUFA/Drivers/USB/Core/AVR8/EndpointStream_AVR8.o
 .debug_ranges  0x00000a78      0x128 src/LUFA/LUFA/Drivers/USB/Core/AVR8/Endpoint_AVR8.o
 .debug_ranges  0x00000ba0       0x20 src/LUFA/LUFA/Drivers/USB/Core/AVR8/USBController_AVR8.o
 .debug_ranges  0x00000bc0       0x40 src/LUFA/LUFA/Drivers/USB/Core/AVR8/USBInterrupt_AVR8.o
 .debug_ranges  0x00000c00       0x40 src/LUFA/LUFA/Drivers/USB/Core/DeviceStandardReq.o
 .debug_ranges  0x00000c40       0x10 src/LUFA/LUFA/Drivers/USB/Core/Events.o
 .debug_ranges  0x00000c50       0x10 src/LUFA/LUFA/Drivers/USB/Core/USBTask.o

.debug_macro    0x00000000     0x8595
 *(.debug_macro)
 .debug_macro   0x00000000      0x179 BootloaderAPI.o
 .debug_macro   0x00000179      0xa7e BootloaderAPI.o
 .debug_macro   0x00000bf7       0x10 BootloaderAPI.o
 .debug_macro   0x00000c07      0x1c9 BootloaderAPI.o
 .debug_macro   0x00000dd0      0x2fc BootloaderAPI.o
 .debug_macro   0x000010cc       0x9e BootloaderAPI.o
 .debug_macro   0x0000116a     0x207d BootloaderAPI.o
 .debug_macro   0x000031e7      0x14f BootloaderAPI.o
 .debug_macro   0x00003336       0xd9 BootloaderAPI.o
 .debug_macro   0x0000340f       0x34 BootloaderAPI.o
 .debug_macro   0x00003443       0x18 BootloaderAPI.o
 .debug_macro   0x0000345b       0x6c BootloaderAPI.o
 .debug_macro   0x000034c7      0x166 BootloaderAPI.o
 .debug_macro   0x0000362d       0x39 BootloaderAPI.o
 .debug_macro   0x00003666      0x10c BootloaderAPI.o
 .debug_macro   0x00003772      0x160 BootloaderAPI.o
 .debug_macro   0x000038d2       0x22 BootloaderAPI.o
 .debug_macro   0x000038f4       0x10 BootloaderAPI.o
 .debug_macro   0x00003904       0x16 BootloaderAPI.o
 .debug_macro   0x0000391a       0x35 BootloaderAPI.o
 .debug_macro   0x0000394f       0x10 BootloaderAPI.o
 .debug_macro   0x0000395f       0x22 BootloaderAPI.o
 .debug_macro   0x00003981      0x1a0 BootloaderAPI.o
 .debug_macro   0x00003b21       0x36 BootloaderAPI.o
 .debug_macro   0x00003b57       0x1c BootloaderAPI.o
 .debug_macro   0x00003b73       0x68 BootloaderAPI.o
 .debug_macro   0x00003bdb       0x52 BootloaderAPI.o
 .debug_macro   0x00003c2d       0x69 BootloaderAPI.o
 .debug_macro   0x00003c96       0x10 BootloaderAPI.o
 .debug_macro   0x00003ca6      0x175 BootloaderAPI.o
 .debug_macro   0x00003e1b      0x160 BootloaderAPI.o
 .debug_macro   0x00003f7b       0x10 BootloaderAPI.o
 .debug_macro   0x00003f8b       0x1c BootloaderAPI.o
 .debug_macro   0x00003fa7       0x86 BootloaderAPI.o
 .debug_macro   0x0000402d       0x3c BootloaderAPI.o
 .debug_macro   0x00004069      0x4cb BootloaderMassStorage.o
 .debug_macro   0x00004534       0x68 BootloaderMassStorage.o
 .debug_macro   0x0000459c       0xab BootloaderMassStorage.o
 .debug_macro   0x00004647       0x97 BootloaderMassStorage.o
 .debug_macro   0x000046de       0x16 BootloaderMassStorage.o
 .debug_macro   0x000046f4       0x12 BootloaderMassStorage.o
 .debug_macro   0x00004706       0x12 BootloaderMassStorage.o
 .debug_macro   0x00004718       0xef BootloaderMassStorage.o
 .debug_macro   0x00004807       0x2f BootloaderMassStorage.o
 .debug_macro   0x00004836       0x33 BootloaderMassStorage.o
 .debug_macro   0x00004869       0x19 BootloaderMassStorage.o
 .debug_macro   0x00004882       0x4d BootloaderMassStorage.o
 .debug_macro   0x000048cf       0x73 BootloaderMassStorage.o
 .debug_macro   0x00004942       0x16 BootloaderMassStorage.o
 .debug_macro   0x00004958       0x12 BootloaderMassStorage.o
 .debug_macro   0x0000496a       0x25 BootloaderMassStorage.o
 .debug_macro   0x0000498f       0x64 BootloaderMassStorage.o
 .debug_macro   0x000049f3       0x41 BootloaderMassStorage.o
 .debug_macro   0x00004a34       0x12 BootloaderMassStorage.o
 .debug_macro   0x00004a46       0x10 BootloaderMassStorage.o
 .debug_macro   0x00004a56       0x1c BootloaderMassStorage.o
 .debug_macro   0x00004a72       0x16 BootloaderMassStorage.o
 .debug_macro   0x00004a88       0x16 BootloaderMassStorage.o
 .debug_macro   0x00004a9e      0x12c BootloaderMassStorage.o
 .debug_macro   0x00004bca       0x16 BootloaderMassStorage.o
 .debug_macro   0x00004be0       0x46 BootloaderMassStorage.o
 .debug_macro   0x00004c26       0x58 BootloaderMassStorage.o
 .debug_macro   0x00004c7e       0x10 BootloaderMassStorage.o
 .debug_macro   0x00004c8e       0xf2 BootloaderMassStorage.o
 .debug_macro   0x00004d80       0x16 BootloaderMassStorage.o
 .debug_macro   0x00004d96      0x154 BootloaderMassStorage.o
 .debug_macro   0x00004eea       0x2a BootloaderMassStorage.o
 .debug_macro   0x00004f14      0x6ce BootloaderMassStorage.o
 .debug_macro   0x000055e2       0x16 BootloaderMassStorage.o
 .debug_macro   0x000055f8      0x132 BootloaderMassStorage.o
 .debug_macro   0x0000572a       0x16 BootloaderMassStorage.o
 .debug_macro   0x00005740       0x10 BootloaderMassStorage.o
 .debug_macro   0x00005750       0x6c BootloaderMassStorage.o
 .debug_macro   0x000057bc       0x16 BootloaderMassStorage.o
 .debug_macro   0x000057d2       0x1c BootloaderMassStorage.o
 .debug_macro   0x000057ee       0x16 BootloaderMassStorage.o
 .debug_macro   0x00005804       0x10 BootloaderMassStorage.o
 .debug_macro   0x00005814      0x1be BootloaderMassStorage.o
 .debug_macro   0x000059d2       0x16 BootloaderMassStorage.o
 .debug_macro   0x000059e8       0x16 BootloaderMassStorage.o
 .debug_macro   0x000059fe       0x84 BootloaderMassStorage.o
 .debug_macro   0x00005a82       0x1c BootloaderMassStorage.o
 .debug_macro   0x00005a9e       0x1c BootloaderMassStorage.o
 .debug_macro   0x00005aba       0x2e BootloaderMassStorage.o
 .debug_macro   0x00005ae8      0x44b Descriptors.o
 .debug_macro   0x00005f33       0x89 Descriptors.o
 .debug_macro   0x00005fbc       0xaa Descriptors.o
 .debug_macro   0x00006066      0x181 Descriptors.o
 .debug_macro   0x000061e7       0x20 Descriptors.o
 .debug_macro   0x00006207      0x4ba Lib/SCSI.o
 .debug_macro   0x000066c1      0x456 Lib/VirtualFAT.o
 .debug_macro   0x00006b17      0x44a src/LUFA/LUFA/Drivers/USB/Class/Device/MassStorageClassDevice.o
 .debug_macro   0x00006f61      0x12c src/LUFA/LUFA/Drivers/USB/Class/Device/MassStorageClassDevice.o
 .debug_macro   0x0000708d      0x60c src/LUFA/LUFA/Drivers/USB/Core/AVR8/EndpointStream_AVR8.o
 .debug_macro   0x00007699       0x28 src/LUFA/LUFA/Drivers/USB/Core/AVR8/EndpointStream_AVR8.o
 .debug_macro   0x000076c1       0x1c src/LUFA/LUFA/Drivers/USB/Core/AVR8/EndpointStream_AVR8.o
 .debug_macro   0x000076dd       0x1c src/LUFA/LUFA/Drivers/USB/Core/AVR8/EndpointStream_AVR8.o
 .debug_macro   0x000076f9      0x2a3 src/LUFA/LUFA/Drivers/USB/Core/AVR8/Endpoint_AVR8.o
 .debug_macro   0x0000799c       0x10 src/LUFA/LUFA/Drivers/USB/Core/AVR8/Endpoint_AVR8.o
 .debug_macro   0x000079ac      0x275 src/LUFA/LUFA/Drivers/USB/Core/AVR8/USBController_AVR8.o
 .debug_macro   0x00007c21       0x79 src/LUFA/LUFA/Drivers/USB/Core/AVR8/USBController_AVR8.o
 .debug_macro   0x00007c9a      0x27d src/LUFA/LUFA/Drivers/USB/Core/AVR8/USBInterrupt_AVR8.o
 .debug_macro   0x00007f17      0x27b src/LUFA/LUFA/Drivers/USB/Core/DeviceStandardReq.o
 .debug_macro   0x00008192      0x182 src/LUFA/LUFA/Drivers/USB/Core/Events.o
 .debug_macro   0x00008314      0x281 src/LUFA/LUFA/Drivers/USB/Core/USBTask.o
OUTPUT(Bootloader.elf elf32-avr)
LOAD linker stubs

.apitable_jumptable
                0x00007fe0       0x10
 .apitable_jumptable
                0x00007fe0       0x10 BootloaderAPITable.o
                0x00007fe0                BootloaderAPI_JumpTable

.apitable_signatures
                0x00007ff8        0x8
 .apitable_signatures
                0x00007ff8        0x8 BootloaderAPITable.o
                0x00007ff8                BootloaderAPI_Signatures

.apitable_trampolines
                0x00007fa0       0x10
 .apitable_trampolines
                0x00007fa0       0x10 BootloaderAPITable.o
                0x00007fa0                BootloaderAPI_Trampolines

.boot_aux       0x00006810      0x578
 .boot_aux      0x00006810       0xfe BootloaderMassStorage.o
                0x00006810                main
                0x000068f2                EVENT_USB_Device_Connect
                0x000068f4                EVENT_USB_Device_Disconnect
                0x000068f6                EVENT_USB_Device_ConfigurationChanged
                0x000068fe                EVENT_USB_Device_ControlRequest
                0x00006906                CALLBACK_MS_Device_SCSICommandReceived
 .boot_aux      0x0000690e       0x2c Descriptors.o
                0x0000690e                CALLBACK_USB_GetDescriptor
 .boot_aux      0x0000693a      0x2a6 Lib/SCSI.o
                0x000069ec                SCSI_DecodeSCSICommand
 .boot_aux      0x00006be0      0x1a8 Lib/VirtualFAT.o
                0x00006be0                VirtualFAT_WriteBlock
                0x00006cda                VirtualFAT_ReadBlock

.boot_aux_trampoline
                0x00006800        0x4
 .boot_aux_trampoline
                0x00006800        0x4 BootloaderAPITable.o
                0x00006800                Boot_AUX_Trampoline
