Archive member included to satisfy reference by file (symbol)

c:/program files (x86)/atmel/studio/7.0/toolchain/avr8/avr8-gnu-toolchain/bin/../lib/gcc/avr/4.9.2/avr5\libgcc.a(_exit.o)
                              C:/Program Files (x86)/Atmel/Studio/7.0/Packs/atmel/ATmega_DFP/1.0.98/gcc/dev/atmega32u4/avr5/crtatmega32u4.o (exit)
c:/program files (x86)/atmel/studio/7.0/toolchain/avr8/avr8-gnu-toolchain/bin/../lib/gcc/avr/4.9.2/avr5\libgcc.a(_copy_data.o)
                              BootloaderMassStorage.o (__do_copy_data)
c:/program files (x86)/atmel/studio/7.0/toolchain/avr8/avr8-gnu-toolchain/bin/../lib/gcc/avr/4.9.2/avr5\libgcc.a(_clear_bss.o)
                              BootloaderMassStorage.o (__do_clear_bss)
c:/program files (x86)/atmel/studio/7.0/toolchain/avr8/avr8-gnu-toolchain/bin/../lib/gcc/avr/4.9.2/../../../../avr/lib/avr5\libc.a(memcpy_P.o)
                              src/LUFA/LUFA/Drivers/USB/Class/Device/RNDISClassDevice.o (memcpy_P)
c:/program files (x86)/atmel/studio/7.0/toolchain/avr8/avr8-gnu-toolchain/bin/../lib/gcc/avr/4.9.2/../../../../avr/lib/avr5\libc.a(strlen_P.o)
                              src/LUFA/LUFA/Drivers/USB/Class/Device/CDCClassDevice.o (__strlen_P)
c:/program files (x86)/atmel/studio/7.0/toolchain/avr8/avr8-gnu-toolchain/bin/../lib/gcc/avr/4.9.2/../../../../avr/lib/avr5\libc.a(memcmp.o)
                              src/LUFA/LUFA/Drivers/USB/Class/Device/HIDClassDevice.o (memcmp)
c:/program files (x86)/atmel/studio/7.0/toolchain/avr8/avr8-gnu-toolchain/bin/../lib/gcc/avr/4.9.2/../../../../avr/lib/avr5\libc.a(memcpy.o)
                              src/LUFA/LUFA/Drivers/USB/Class/Device/HIDClassDevice.o (memcpy)
c:/program files (x86)/atmel/studio/7.0/toolchain/avr8/avr8-gnu-toolchain/bin/../lib/gcc/avr/4.9.2/../../../../avr/lib/avr5\libc.a(memset.o)
                              src/LUFA/LUFA/Drivers/USB/Class/Device/HIDClassDevice.o (memset)
C:/Program Files (x86)/Atmel/Studio/7.0/Packs/atmel/ATmega_DFP/1.0.98/gcc/dev/atmega32u4/avr5\libatmega32u4.a(eerd_byte.o)
                              src/LUFA/LUFA/Drivers/USB/Core/AVR8/EndpointStream_AVR8.o (eeprom_read_byte)
C:/Program Files (x86)/Atmel/Studio/7.0/Packs/atmel/ATmega_DFP/1.0.98/gcc/dev/atmega32u4/avr5\libatmega32u4.a(eeupd_byte.o)
                              src/LUFA/LUFA/Drivers/USB/Core/AVR8/EndpointStream_AVR8.o (eeprom_update_byte)

Allocating common symbols
Common symbol       size              file

USB_IsInitialized   0x1               src/LUFA/LUFA/Drivers/USB/Core/USBTask.o
USB_Device_ConfigurationNumber
                    0x1               src/LUFA/LUFA/Drivers/USB/Core/DeviceStandardReq.o
USB_ControlRequest  0x8               src/LUFA/LUFA/Drivers/USB/Core/USBTask.o

Discarded input sections

 .data          0x00000000        0x0 C:/Program Files (x86)/Atmel/Studio/7.0/Packs/atmel/ATmega_DFP/1.0.98/gcc/dev/atmega32u4/avr5/crtatmega32u4.o
 .bss           0x00000000        0x0 C:/Program Files (x86)/Atmel/Studio/7.0/Packs/atmel/ATmega_DFP/1.0.98/gcc/dev/atmega32u4/avr5/crtatmega32u4.o
 .group         0x00000000        0x8 BootloaderAPI.o
 .group         0x00000000        0x8 BootloaderAPI.o
 .group         0x00000000        0x8 BootloaderAPI.o
 .group         0x00000000        0x8 BootloaderAPI.o
 .group         0x00000000        0x8 BootloaderAPI.o
 .group         0x00000000        0x8 BootloaderAPI.o
 .group         0x00000000        0x8 BootloaderAPI.o
 .group         0x00000000        0x8 BootloaderAPI.o
 .group         0x00000000        0x8 BootloaderAPI.o
 .group         0x00000000        0x8 BootloaderAPI.o
 .group         0x00000000        0x8 BootloaderAPI.o
 .group         0x00000000        0x8 BootloaderAPI.o
 .group         0x00000000        0x8 BootloaderAPI.o
 .group         0x00000000        0x8 BootloaderAPI.o
 .group         0x00000000        0x8 BootloaderAPI.o
 .group         0x00000000        0x8 BootloaderAPI.o
 .group         0x00000000        0x8 BootloaderAPI.o
 .group         0x00000000        0x8 BootloaderAPI.o
 .group         0x00000000        0x8 BootloaderAPI.o
 .group         0x00000000        0x8 BootloaderAPI.o
 .group         0x00000000        0x8 BootloaderAPI.o
 .group         0x00000000        0x8 BootloaderAPI.o
 .group         0x00000000        0x8 BootloaderAPI.o
 .group         0x00000000        0x8 BootloaderAPI.o
 .group         0x00000000        0x8 BootloaderAPI.o
 .group         0x00000000        0x8 BootloaderAPI.o
 .group         0x00000000        0x8 BootloaderAPI.o
 .group         0x00000000        0x8 BootloaderAPI.o
 .group         0x00000000        0x8 BootloaderAPI.o
 .group         0x00000000        0x8 BootloaderAPI.o
 .group         0x00000000        0x8 BootloaderAPI.o
 .group         0x00000000        0x8 BootloaderAPI.o
 .group         0x00000000        0x8 BootloaderAPI.o
 .group         0x00000000        0x8 BootloaderAPI.o
[...]
Memory Configuration

Name             Origin             Length             Attributes
text             0x00000000         0x00020000         xr
data             0x00800060         0x0000ffa0         rw !x
eeprom           0x00810000         0x00010000         rw !x
fuse             0x00820000         0x00000400         rw !x
lock             0x00830000         0x00000400         rw !x
signature        0x00840000         0x00000400         rw !x
user_signatures  0x00850000         0x00000400         rw !x
*default*        0x00000000         0xffffffff

Linker script and memory map

Address of section .data set to 0x800100
LOAD C:/Program Files (x86)/Atmel/Studio/7.0/Packs/atmel/ATmega_DFP/1.0.98/gcc/dev/atmega32u4/avr5/crtatmega32u4.o
LOAD BootloaderAPI.o
LOAD BootloaderAPITable.o
LOAD BootloaderMassStorage.o
LOAD Descriptors.o
LOAD Lib/SCSI.o
LOAD Lib/VirtualFAT.o
LOAD src/LUFA/LUFA/Drivers/USB/Class/Common/HIDParser.o
LOAD src/LUFA/LUFA/Drivers/USB/Class/Device/AudioClassDevice.o
LOAD src/LUFA/LUFA/Drivers/USB/Class/Device/CDCClassDevice.o
LOAD src/LUFA/LUFA/Drivers/USB/Class/Device/HIDClassDevice.o
LOAD src/LUFA/LUFA/Drivers/USB/Class/Device/MassStorageClassDevice.o
LOAD src/LUFA/LUFA/Drivers/USB/Class/Device/MIDIClassDevice.o
LOAD src/LUFA/LUFA/Drivers/USB/Class/Device/PrinterClassDevice.o
LOAD src/LUFA/LUFA/Drivers/USB/Class/Device/RNDISClassDevice.o
LOAD src/LUFA/LUFA/Drivers/USB/Class/Host/AndroidAccessoryClassHost.o
LOAD src/LUFA/LUFA/Drivers/USB/Class/Host/AudioClassHost.o
LOAD src/LUFA/LUFA/Drivers/USB/Class/Host/CDCClassHost.o
LOAD src/LUFA/LUFA/Drivers/USB/Class/Host/HIDClassHost.o
LOAD src/LUFA/LUFA/Drivers/USB/Class/Host/MassStorageClassHost.o
LOAD src/LUFA/LUFA/Drivers/USB/Class/Host/MIDIClassHost.o
LOAD src/LUFA/LUFA/Drivers/USB/Class/Host/PrinterClassHost.o
LOAD src/LUFA/LUFA/Drivers/USB/Class/Host/RNDISClassHost.o
LOAD src/LUFA/LUFA/Drivers/USB/Class/Host/StillImageClassHost.o
LOAD src/LUFA/LUFA/Drivers/USB/Core/AVR8/Device_AVR8.o
LOAD src/LUFA/LUFA/Drivers/USB/Core/AVR8/EndpointStream_AVR8.o
LOAD src/LUFA/LUFA/Drivers/USB/Core/AVR8/Endpoint_AVR8.o
LOAD src/LUFA/LUFA/Drivers/USB/Core/AVR8/Host_AVR8.o
LOAD src/LUFA/LUFA/Drivers/USB/Core/AVR8/PipeStream_AVR8.o
LOAD src/LUFA/LUFA/Drivers/USB/Core/AVR8/Pipe_AVR8.o
LOAD src/LUFA/LUFA/Drivers/USB/Core/AVR8/Template/Template_Endpoint_Control_R.o
LOAD src/LUFA/LUFA/Drivers/USB/Core/AVR8/Template/Template_Endpoint_Control_W.o
LOAD src/LUFA/LUFA/Drivers/USB/Core/AVR8/Template/Template_Endpoint_RW.o
LOAD src/LUFA/LUFA/Drivers/USB/Core/AVR8/Template/Template_Pipe_RW.o
LOAD src/LUFA/LUFA/Drivers/USB/Core/AVR8/USBController_AVR8.o
LOAD src/LUFA/LUFA/Drivers/USB/Core/AVR8/USBInterrupt_AVR8.o
LOAD src/LUFA/LUFA/Drivers/USB/Core/ConfigDescriptors.o
LOAD src/LUFA/LUFA/Drivers/USB/Core/DeviceStandardReq.o
LOAD src/LUFA/LUFA/Drivers/USB/Core/Events.o
LOAD src/LUFA/LUFA/Drivers/USB/Core/HostStandardReq.o
LOAD src/LUFA/LUFA/Drivers/USB/Core/USBTask.o
START GROUP
LOAD c:/program files (x86)/atmel/studio/7.0/toolchain/avr8/avr8-gnu-toolchain/bin/../lib/gcc/avr/4.9.2/../../../../avr/lib/avr5\libm.a
END GROUP
Address of section .apitable_jumptable set to 0x7fe0
Address of section .apitable_signatures set to 0x7ff8
Address of section .apitable_trampolines set to 0x7fa0
Address of section .boot_aux set to 0x6810
Address of section .boot_aux_trampoline set to 0x6800
Address of section .text set to 0x7000
START GROUP
LOAD c:/program files (x86)/atmel/studio/7.0/toolchain/avr8/avr8-gnu-toolchain/bin/../lib/gcc/avr/4.9.2/avr5\libgcc.a
LOAD c:/program files (x86)/atmel/studio/7.0/toolchain/avr8/avr8-gnu-toolchain/bin/../lib/gcc/avr/4.9.2/../../../../avr/lib/avr5\libm.a
LOAD c:/program files (x86)/atmel/studio/7.0/toolchain/avr8/avr8-gnu-toolchain/bin/../lib/gcc/avr/4.9.2/../../../../avr/lib/avr5\libc.a
LOAD C:/Program Files (x86)/Atmel/Studio/7.0/Packs/atmel/ATmega_DFP/1.0.98/gcc/dev/atmega32u4/avr5\libatmega32u4.a
END GROUP

.hash
 *(.hash)

.dynsym
 *(.dynsym)

.dynstr
 *(.dynstr)

.gnu.version
 *(.gnu.version)

.gnu.version_d
 *(.gnu.version_d)

.gnu.version_r
 *(.gnu.version_r)

.rel.init
 *(.rel.init)

.rela.init
 *(.rela.init)

.rel.text
 *(.rel.text)
 *(.rel.text.*)
 *(.rel.gnu.linkonce.t*)

.rela.text
 *(.rela.text)
 *(.rela.text.*)
 *(.rela.gnu.linkonce.t*)

.rel.fini
 *(.rel.fini)

.rela.fini
 *(.rela.fini)

.rel.rodata
 *(.rel.rodata)
 *(.rel.rodata.*)
 *(.rel.gnu.linkonce.r*)

.rela.rodata
 *(.rela.rodata)
 *(.rela.rodata.*)
 *(.rela.gnu.linkonce.r*)

.rel.data
 *(.rel.data)
 *(.rel.data.*)
 *(.rel.gnu.linkonce.d*)

.rela.data
 *(.rela.data)
 *(.rela.data.*)
 *(.rela.gnu.linkonce.d*)

.rel.ctors
 *(.rel.ctors)

.rela.ctors
 *(.rela.ctors)

.rel.dtors
 *(.rel.dtors)

.rela.dtors
 *(.rela.dtors)

.rel.got
 *(.rel.got)

.rela.got
 *(.rela.got)

.rel.bss
 *(.rel.bss)

.rela.bss
 *(.rela.bss)

.rel.plt
 *(.rel.plt)

.rela.plt
 *(.rela.plt)

.text           0x00007000      0xe8a
 *(.vectors)
 .vectors       0x00007000       0xac C:/Program Files (x86)/Atmel/Studio/7.0/Packs/atmel/ATmega_DFP/1.0.98/gcc/dev/atmega32u4/avr5/crtatmega32u4.o
                0x00007000                __vector_default
                0x00007000                __vectors
 *(.vectors)
 *(.progmem.gcc*)
                0x000070ac                . = ALIGN (0x2)
                0x000070ac                __trampolines_start = .
 *(.trampolines)
 .trampolines   0x000070ac        0x0 linker stubs
 *(.trampolines*)
                0x000070ac                __trampolines_end = .
 *(.progmem*)
                0x000070ac                . = ALIGN (0x2)
 *(.jumptables)
 *(.jumptables*)
 *(.lowtext)
 *(.lowtext*)
                0x000070ac                __ctors_start = .
 *(.ctors)
                0x000070ac                __ctors_end = .
                0x000070ac                __dtors_start = .
 *(.dtors)
                0x000070ac                __dtors_end = .
 SORT(*)(.ctors)
 SORT(*)(.dtors)
 *(.init0)
 .init0         0x000070ac        0x0 C:/Program Files (x86)/Atmel/Studio/7.0/Packs/atmel/ATmega_DFP/1.0.98/gcc/dev/atmega32u4/avr5/crtatmega32u4.o
                0x000070ac                __init
 *(.init0)
 *(.init1)
 *(.init1)
 *(.init2)
 .init2         0x000070ac        0xc C:/Program Files (x86)/Atmel/Studio/7.0/Packs/atmel/ATmega_DFP/1.0.98/gcc/dev/atmega32u4/avr5/crtatmega32u4.o
 *(.init2)
 *(.init3)
 .init3         0x000070b8       0x4a BootloaderMassStorage.o
                0x000070b8                Application_Jump_Check
 *(.init3)
 *(.init4)
 .init4         0x00007102       0x16 c:/program files (x86)/atmel/studio/7.0/toolchain/avr8/avr8-gnu-toolchain/bin/../lib/gcc/avr/4.9.2/avr5\libgcc.a(_copy_data.o)
                0x00007102                __do_copy_data
 .init4         0x00007118       0x10 c:/program files (x86)/atmel/studio/7.0/toolchain/avr8/avr8-gnu-toolchain/bin/../lib/gcc/avr/4.9.2/avr5\libgcc.a(_clear_bss.o)
                0x00007118                __do_clear_bss
 *(.init4)
 *(.init5)
 *(.init5)
 *(.init6)
 *(.init6)
 *(.init7)
 *(.init7)
 *(.init8)
 *(.init8)
 *(.init9)
 .init9         0x00007128        0x4 C:/Program Files (x86)/Atmel/Studio/7.0/Packs/atmel/ATmega_DFP/1.0.98/gcc/dev/atmega32u4/avr5/crtatmega32u4.o
 *(.init9)
 *(.text)
 .text          0x0000712c        0x2 C:/Program Files (x86)/Atmel/Studio/7.0/Packs/atmel/ATmega_DFP/1.0.98/gcc/dev/atmega32u4/avr5/crtatmega32u4.o
                0x0000712c                __vector_38
                0x0000712c                __vector_22
                0x0000712c                __vector_28
                0x0000712c                __vector_1
                0x0000712c                __vector_32
                0x0000712c                __vector_34
                0x0000712c                __vector_24
                0x0000712c                __vector_12
                0x0000712c                __bad_interrupt
                0x0000712c                __vector_6
                0x0000712c                __vector_31
                0x0000712c                __vector_35
                0x0000712c                __vector_39
                0x0000712c                __vector_3
                0x0000712c                __vector_23
                0x0000712c                __vector_30
                0x0000712c                __vector_25
                0x0000712c                __vector_13
                0x0000712c                __vector_17
                0x0000712c                __vector_19
                0x0000712c                __vector_7
                0x0000712c                __vector_41
                0x0000712c                __vector_27
                0x0000712c                __vector_5
                0x0000712c                __vector_33
                0x0000712c                __vector_37
                0x0000712c                __vector_4
                0x0000712c                __vector_9
                0x0000712c                __vector_2
                0x0000712c                __vector_21
                0x0000712c                __vector_15
                0x0000712c                __vector_36
                0x0000712c                __vector_29
                0x0000712c                __vector_40
                0x0000712c                __vector_8
                0x0000712c                __vector_26
                0x0000712c                __vector_14
                0x0000712c                __vector_16
                0x0000712c                __vector_18
                0x0000712c                __vector_20
                0x0000712c                __vector_42
                0x0000712e                . = ALIGN (0x2)
 *(.text.*)
 .text.BootloaderAPI_ErasePage
                0x0000712e       0x24 BootloaderAPI.o
                0x0000712e                BootloaderAPI_ErasePage
 .text.BootloaderAPI_WritePage
                0x00007152       0x24 BootloaderAPI.o
                0x00007152                BootloaderAPI_WritePage
 .text.BootloaderAPI_FillWord
                0x00007176       0x1a BootloaderAPI.o
                0x00007176                BootloaderAPI_FillWord
 .text.MS_Device_ProcessControlRequest
                0x00007190       0x7a src/LUFA/LUFA/Drivers/USB/Class/Device/MassStorageClassDevice.o
                0x00007190                MS_Device_ProcessControlRequest
 .text.MS_Device_ConfigureEndpoints
                0x0000720a       0x34 src/LUFA/LUFA/Drivers/USB/Class/Device/MassStorageClassDevice.o
                0x0000720a                MS_Device_ConfigureEndpoints
 .text.MS_Device_USBTask
                0x0000723e      0x266 src/LUFA/LUFA/Drivers/USB/Class/Device/MassStorageClassDevice.o
                0x0000723e                MS_Device_USBTask
 .text.Endpoint_Null_Stream
                0x000074a4       0x9e src/LUFA/LUFA/Drivers/USB/Core/AVR8/EndpointStream_AVR8.o
                0x000074a4                Endpoint_Null_Stream
 .text.Endpoint_Write_Stream_LE
                0x00007542       0xb8 src/LUFA/LUFA/Drivers/USB/Core/AVR8/EndpointStream_AVR8.o
                0x00007542                Endpoint_Write_Stream_LE
 .text.Endpoint_Read_Stream_LE
                0x000075fa       0xb8 src/LUFA/LUFA/Drivers/USB/Core/AVR8/EndpointStream_AVR8.o
                0x000075fa                Endpoint_Read_Stream_LE
 .text.Endpoint_Write_Control_Stream_LE
                0x000076b2      0x104 src/LUFA/LUFA/Drivers/USB/Core/AVR8/EndpointStream_AVR8.o
                0x000076b2                Endpoint_Write_Control_Stream_LE
 .text.Endpoint_ConfigureEndpoint_Prv
                0x000077b6       0x28 src/LUFA/LUFA/Drivers/USB/Core/AVR8/Endpoint_AVR8.o
                0x000077b6                Endpoint_ConfigureEndpoint_Prv
 .text.Endpoint_ConfigureEndpointTable
                0x000077de       0xcc src/LUFA/LUFA/Drivers/USB/Core/AVR8/Endpoint_AVR8.o
                0x000077de                Endpoint_ConfigureEndpointTable
 .text.Endpoint_ClearStatusStage
                0x000078aa       0x44 src/LUFA/LUFA/Drivers/USB/Core/AVR8/Endpoint_AVR8.o
                0x000078aa                Endpoint_ClearStatusStage
 .text.Endpoint_WaitUntilReady
                0x000078ee       0x80 src/LUFA/LUFA/Drivers/USB/Core/AVR8/Endpoint_AVR8.o
                0x000078ee                Endpoint_WaitUntilReady
 .text.USB_ResetInterface
                0x0000796e       0x76 src/LUFA/LUFA/Drivers/USB/Core/AVR8/USBController_AVR8.o
                0x0000796e                USB_ResetInterface
 .text.USB_Init
                0x000079e4       0x22 src/LUFA/LUFA/Drivers/USB/Core/AVR8/USBController_AVR8.o
                0x000079e4                USB_Init
 .text.USB_INT_DisableAllInterrupts
                0x00007a06       0x10 src/LUFA/LUFA/Drivers/USB/Core/AVR8/USBInterrupt_AVR8.o
                0x00007a06                USB_INT_DisableAllInterrupts
 .text.USB_INT_ClearAllInterrupts
                0x00007a16        0xa src/LUFA/LUFA/Drivers/USB/Core/AVR8/USBInterrupt_AVR8.o
                0x00007a16                USB_INT_ClearAllInterrupts
 .text.__vector_10
                0x00007a20      0x166 src/LUFA/LUFA/Drivers/USB/Core/AVR8/USBInterrupt_AVR8.o
                0x00007a20                __vector_10
 .text.__vector_11
                0x00007b86       0xa0 src/LUFA/LUFA/Drivers/USB/Core/AVR8/USBInterrupt_AVR8.o
                0x00007b86                __vector_11
 .text.USB_Device_ProcessControlRequest
                0x00007c26      0x22c src/LUFA/LUFA/Drivers/USB/Core/DeviceStandardReq.o
                0x00007c26                USB_Device_ProcessControlRequest
 .text.USB_Event_Stub
                0x00007e52        0x2 src/LUFA/LUFA/Drivers/USB/Core/Events.o
                0x00007e52                USB_Event_Stub
                0x00007e52                EVENT_USB_Device_Suspend
                0x00007e52                EVENT_USB_Device_StartOfFrame
                0x00007e52                EVENT_USB_Device_Reset
                0x00007e52                EVENT_USB_Device_WakeUp
 .text.USB_USBTask
                0x00007e54       0x32 src/LUFA/LUFA/Drivers/USB/Core/USBTask.o
                0x00007e54                USB_USBTask
                0x00007e86                . = ALIGN (0x2)
 *(.fini9)
 .fini9         0x00007e86        0x0 c:/program files (x86)/atmel/studio/7.0/toolchain/avr8/avr8-gnu-toolchain/bin/../lib/gcc/avr/4.9.2/avr5\libgcc.a(_exit.o)
                0x00007e86                _exit
                0x00007e86                exit
 *(.fini9)
 *(.fini8)
 *(.fini8)
 *(.fini7)
 *(.fini7)
 *(.fini6)
 *(.fini6)
 *(.fini5)
 *(.fini5)
 *(.fini4)
 *(.fini4)
 *(.fini3)
 *(.fini3)
 *(.fini2)
 *(.fini2)
 *(.fini1)
 *(.fini1)
 *(.fini0)
 .fini0         0x00007e86        0x4 c:/program files (x86)/atmel/studio/7.0/toolchain/avr8/avr8-gnu-toolchain/bin/../lib/gcc/avr/4.9.2/avr5\libgcc.a(_exit.o)
 *(.fini0)
                0x00007e8a                _etext = .

.data           0x00800100      0x100 load address 0x00007e8a
                0x00800100                PROVIDE (__data_start, .)
 *(.data)
 *(.data*)
 .data.RunBootloader
                0x00800100        0x1 BootloaderMassStorage.o
                0x00800100                RunBootloader
 .data.Disk_MS_Interface
                0x00800101       0x39 BootloaderMassStorage.o
                0x00800101                Disk_MS_Interface
 .data.SenseData
                0x0080013a       0x12 Lib/SCSI.o
 .data.FirmwareFileEntries
                0x0080014c       0x20 Lib/VirtualFAT.o
 *(.rodata)
 *(.rodata*)
 .rodata.ConfigurationDescriptor
                0x0080016c       0x20 Descriptors.o
                0x0080016c                ConfigurationDescriptor
 .rodata.DeviceDescriptor
                0x0080018c       0x12 Descriptors.o
                0x0080018c                DeviceDescriptor
 .rodata.InquiryData
                0x0080019e       0x24 Lib/SCSI.o
 .rodata.BootBlock
                0x008001c2       0x3e Lib/VirtualFAT.o
 *(.gnu.linkonce.d*)
                0x00800200                . = ALIGN (0x2)
                0x00800200                _edata = .
                0x00800200                PROVIDE (__data_end, .)

.bss            0x00800200        0xb
                0x00800200                PROVIDE (__bss_start, .)
 *(.bss)
 *(.bss*)
 .bss.TicksSinceLastCommand
                0x00800200        0x1 BootloaderMassStorage.o
 *(COMMON)
 COMMON         0x00800201        0x1 src/LUFA/LUFA/Drivers/USB/Core/DeviceStandardReq.o
                0x00800201                USB_Device_ConfigurationNumber
 COMMON         0x00800202        0x9 src/LUFA/LUFA/Drivers/USB/Core/USBTask.o
                0x00800202                USB_IsInitialized
                0x00800203                USB_ControlRequest
                0x0080020b                PROVIDE (__bss_end, .)
                0x00007e8a                __data_load_start = LOADADDR (.data)
                0x00007f8a                __data_load_end = (__data_load_start + SIZEOF (.data))

.noinit         0x0080020b        0x0
                0x0080020b                PROVIDE (__noinit_start, .)
 *(.noinit*)
                0x0080020b                PROVIDE (__noinit_end, .)
                0x0080020b                _end = .
                0x0080020b                PROVIDE (__heap_start, .)

.eeprom         0x00810000        0x0
 *(.eeprom*)
                0x00810000                __eeprom_end = .

.fuse
 *(.fuse)
 *(.lfuse)
 *(.hfuse)
 *(.efuse)

.lock
 *(.lock*)

.signature
 *(.signature*)

.user_signatures
 *(.user_signatures*)

.stab
 *(.stab)

.stabstr
 *(.stabstr)

.stab.excl
 *(.stab.excl)

.stab.exclstr
 *(.stab.exclstr)

.stab.index
 *(.stab.index)

.stab.indexstr
 *(.stab.indexstr)

.comment        0x00000000       0x30
 *(.comment)
 .comment       0x00000000       0x30 BootloaderAPI.o
                                 0x31 (size before relaxing)
 .comment       0x00000030       0x31 BootloaderMassStorage.o
 .comment       0x00000030       0x31 Descriptors.o
 .comment       0x00000030       0x31 Lib/SCSI.o
 .comment       0x00000030       0x31 Lib/VirtualFAT.o
 .comment       0x00000030       0x31 src/LUFA/LUFA/Drivers/USB/Class/Device/MassStorageClassDevice.o
 .comment       0x00000030       0x31 src/LUFA/LUFA/Drivers/USB/Core/AVR8/EndpointStream_AVR8.o
 .comment       0x00000030       0x31 src/LUFA/LUFA/Drivers/USB/Core/AVR8/Endpoint_AVR8.o
 .comment       0x00000030       0x31 src/LUFA/LUFA/Drivers/USB/Core/AVR8/USBController_AVR8.o
 .comment       0x00000030       0x31 src/LUFA/LUFA/Drivers/USB/Core/AVR8/USBInterrupt_AVR8.o
 .comment       0x00000030       0x31 src/LUFA/LUFA/Drivers/USB/Core/DeviceStandardReq.o
 .comment       0x00000030       0x31 src/LUFA/LUFA/Drivers/USB/Core/Events.o
 .comment       0x00000030       0x31 src/LUFA/LUFA/Drivers/USB/Core/USBTask.o

.note.gnu.avr.deviceinfo
                0x00000000       0x40
 .note.gnu.avr.deviceinfo
                0x00000000       0x40 C:/Program Files (x86)/Atmel/Studio/7.0/Packs/atmel/ATmega_DFP/1.0.98/gcc/dev/atmega32u4/avr5/crtatmega32u4.o

.note.gnu.build-id
 *(.note.gnu.build-id)

.debug
 *(.debug)

.line
 *(.line)

.debug_srcinfo
 *(.debug_srcinfo)

.debug_sfnames
 *(.debug_sfnames)

.debug_aranges  0x00000000      0x320
 *(.debug_aranges)
 .debug_aranges
                0x00000000       0x30 BootloaderAPI.o
 .debug_aranges
                0x00000030       0x30 BootloaderAPITable.o
 .debug_aranges
                0x00000060       0x50 BootloaderMassStorage.o
 .debug_aranges
                0x000000b0       0x20 Descriptors.o
 .debug_aranges
                0x000000d0       0x28 Lib/SCSI.o
 .debug_aranges
                0x000000f8       0x28 Lib/VirtualFAT.o
 .debug_aranges
                0x00000120       0x30 src/LUFA/LUFA/Drivers/USB/Class/Device/MassStorageClassDevice.o
 .debug_aranges
                0x00000150       0xc8 src/LUFA/LUFA/Drivers/USB/Core/AVR8/EndpointStream_AVR8.o
 .debug_aranges
                0x00000218       0x40 src/LUFA/LUFA/Drivers/USB/Core/AVR8/Endpoint_AVR8.o
 .debug_aranges
                0x00000258       0x30 src/LUFA/LUFA/Drivers/USB/Core/AVR8/USBController_AVR8.o
 .debug_aranges
                0x00000288       0x38 src/LUFA/LUFA/Drivers/USB/Core/AVR8/USBInterrupt_AVR8.o
 .debug_aranges
                0x000002c0       0x20 src/LUFA/LUFA/Drivers/USB/Core/DeviceStandardReq.o
 .debug_aranges
                0x000002e0       0x20 src/LUFA/LUFA/Drivers/USB/Core/Events.o
 .debug_aranges
                0x00000300       0x20 src/LUFA/LUFA/Drivers/USB/Core/USBTask.o

.debug_pubnames
 *(.debug_pubnames)

.debug_info     0x00000000     0x5d96
 *(.debug_info .gnu.linkonce.wi.*)
 .debug_info    0x00000000      0x13c BootloaderAPI.o
 .debug_info    0x0000013c       0xa3 BootloaderAPITable.o
 .debug_info    0x000001df      0x659 BootloaderMassStorage.o
 .debug_info    0x00000838      0x4e3 Descriptors.o
 .debug_info    0x00000d1b      0xb26 Lib/SCSI.o
 .debug_info    0x00001841      0x83d Lib/VirtualFAT.o
 .debug_info    0x0000207e      0x958 src/LUFA/LUFA/Drivers/USB/Class/Device/MassStorageClassDevice.o
 .debug_info    0x000029d6     0x17b4 src/LUFA/LUFA/Drivers/USB/Core/AVR8/EndpointStream_AVR8.o
 .debug_info    0x0000418a      0x58a src/LUFA/LUFA/Drivers/USB/Core/AVR8/Endpoint_AVR8.o
 .debug_info    0x00004714      0x4a2 src/LUFA/LUFA/Drivers/USB/Core/AVR8/USBController_AVR8.o
 .debug_info    0x00004bb6      0x752 src/LUFA/LUFA/Drivers/USB/Core/AVR8/USBInterrupt_AVR8.o
 .debug_info    0x00005308      0x7ba src/LUFA/LUFA/Drivers/USB/Core/DeviceStandardReq.o
 .debug_info    0x00005ac2       0x7c src/LUFA/LUFA/Drivers/USB/Core/Events.o
 .debug_info    0x00005b3e      0x258 src/LUFA/LUFA/Drivers/USB/Core/USBTask.o

.debug_abbrev   0x00000000     0x17f9
 *(.debug_abbrev)
 .debug_abbrev  0x00000000       0x6c BootloaderAPI.o
 .debug_abbrev  0x0000006c       0x12 BootloaderAPITable.o
 .debug_abbrev  0x0000007e      0x2ad BootloaderMassStorage.o
 .debug_abbrev  0x0000032b      0x117 Descriptors.o
 .debug_abbrev  0x00000442      0x2ce Lib/SCSI.o
 .debug_abbrev  0x00000710      0x230 Lib/VirtualFAT.o
 .debug_abbrev  0x00000940      0x297 src/LUFA/LUFA/Drivers/USB/Class/Device/MassStorageClassDevice.o
 .debug_abbrev  0x00000bd7      0x200 src/LUFA/LUFA/Drivers/USB/Core/AVR8/EndpointStream_AVR8.o
 .debug_abbrev  0x00000dd7      0x231 src/LUFA/LUFA/Drivers/USB/Core/AVR8/Endpoint_AVR8.o
 .debug_abbrev  0x00001008      0x18b src/LUFA/LUFA/Drivers/USB/Core/AVR8/USBController_AVR8.o
 .debug_abbrev  0x00001193      0x23a src/LUFA/LUFA/Drivers/USB/Core/AVR8/USBInterrupt_AVR8.o
 .debug_abbrev  0x000013cd      0x27a src/LUFA/LUFA/Drivers/USB/Core/DeviceStandardReq.o
 .debug_abbrev  0x00001647       0x47 src/LUFA/LUFA/Drivers/USB/Core/Events.o
 .debug_abbrev  0x0000168e      0x16b src/LUFA/LUFA/Drivers/USB/Core/USBTask.o

.debug_line     0x00000000     0xa23d
 *(.debug_line .debug_line.* .debug_line_end)
 .debug_line    0x00000000      0x4e2 BootloaderAPI.o
 .debug_line    0x000004e2       0x73 BootloaderAPITable.o
 .debug_line    0x00000555      0xece BootloaderMassStorage.o
 .debug_line    0x00001423      0xcb4 Descriptors.o
 .debug_line    0x000020d7      0xefc Lib/SCSI.o
 .debug_line    0x00002fd3      0xd45 Lib/VirtualFAT.o
 .debug_line    0x00003d18     0x10c5 src/LUFA/LUFA/Drivers/USB/Class/Device/MassStorageClassDevice.o
 .debug_line    0x00004ddd     0x1e71 src/LUFA/LUFA/Drivers/USB/Core/AVR8/EndpointStream_AVR8.o
 .debug_line    0x00006c4e      0xbb0 src/LUFA/LUFA/Drivers/USB/Core/AVR8/Endpoint_AVR8.o
 .debug_line    0x000077fe      0x8c5 src/LUFA/LUFA/Drivers/USB/Core/AVR8/USBController_AVR8.o
 .debug_line    0x000080c3      0xb43 src/LUFA/LUFA/Drivers/USB/Core/AVR8/USBInterrupt_AVR8.o
 .debug_line    0x00008c06      0x9c5 src/LUFA/LUFA/Drivers/USB/Core/DeviceStandardReq.o
 .debug_line    0x000095cb      0x479 src/LUFA/LUFA/Drivers/USB/Core/Events.o
 .debug_line    0x00009a44      0x7f9 src/LUFA/LUFA/Drivers/USB/Core/USBTask.o

.debug_frame    0x00000000      0xb30
 *(.debug_frame)
 .debug_frame   0x00000000       0x44 BootloaderAPI.o
 .debug_frame   0x00000044       0x84 BootloaderMassStorage.o
 .debug_frame   0x000000c8       0x24 Descriptors.o
 .debug_frame   0x000000ec       0x84 Lib/SCSI.o
 .debug_frame   0x00000170       0x84 Lib/VirtualFAT.o
 .debug_frame   0x000001f4       0x80 src/LUFA/LUFA/Drivers/USB/Class/Device/MassStorageClassDevice.o
 .debug_frame   0x00000274      0x618 src/LUFA/LUFA/Drivers/USB/Core/AVR8/EndpointStream_AVR8.o
 .debug_frame   0x0000088c       0xbc src/LUFA/LUFA/Drivers/USB/Core/AVR8/Endpoint_AVR8.o
 .debug_frame   0x00000948       0x58 src/LUFA/LUFA/Drivers/USB/Core/AVR8/USBController_AVR8.o
 .debug_frame   0x000009a0      0x100 src/LUFA/LUFA/Drivers/USB/Core/AVR8/USBInterrupt_AVR8.o
 .debug_frame   0x00000aa0       0x40 src/LUFA/LUFA/Drivers/USB/Core/DeviceStandardReq.o
 .debug_frame   0x00000ae0       0x24 src/LUFA/LUFA/Drivers/USB/Core/Events.o
 .debug_frame   0x00000b04       0x2c src/LUFA/LUFA/Drivers/USB/Core/USBTask.o

.debug_str      0x00000000    0x17e8b
 *(.debug_str)
 .debug_str     0x00000000     0xdc9b BootloaderAPI.o
                               0xdede (size before relaxing)
 .debug_str     0x0000dc9b     0x7e4e BootloaderMassStorage.o
                              0x15d02 (size before relaxing)
 .debug_str     0x00015ae9      0x525 Descriptors.o
                              0x150d3 (size before relaxing)
 .debug_str     0x0001600e      0x34d Lib/SCSI.o
                              0x15b8f (size before relaxing)
 .debug_str     0x0001635b      0x441 Lib/VirtualFAT.o
                              0x153ed (size before relaxing)
 .debug_str     0x0001679c      0x44a src/LUFA/LUFA/Drivers/USB/Class/Device/MassStorageClassDevice.o
                              0x15101 (size before relaxing)
 .debug_str     0x00016be6      0x8ef src/LUFA/LUFA/Drivers/USB/Core/AVR8/EndpointStream_AVR8.o
                               0xf6b5 (size before relaxing)
 .debug_str     0x000174d5      0x24c src/LUFA/LUFA/Drivers/USB/Core/AVR8/Endpoint_AVR8.o
                               0xed41 (size before relaxing)
 .debug_str     0x00017721      0x25a src/LUFA/LUFA/Drivers/USB/Core/AVR8/USBController_AVR8.o
                               0xec85 (size before relaxing)
 .debug_str     0x0001797b      0x178 src/LUFA/LUFA/Drivers/USB/Core/AVR8/USBInterrupt_AVR8.o
                               0xed04 (size before relaxing)
 .debug_str     0x00017af3      0x2e3 src/LUFA/LUFA/Drivers/USB/Core/DeviceStandardReq.o
                               0xeece (size before relaxing)
 .debug_str     0x00017dd6       0x53 src/LUFA/LUFA/Drivers/USB/Core/Events.o
                               0xded3 (size before relaxing)
 .debug_str     0x00017e29       0x62 src/LUFA/LUFA/Drivers/USB/Core/USBTask.o
                               0xeae3 (size before relaxing)

.debug_loc      0x00000000     0x3ecf
 *(.debug_loc)
 .debug_loc     0x00000000       0x73 BootloaderMassStorage.o
 .debug_loc     0x00000073       0xaa Descriptors.o
 .debug_loc     0x0000011d      0x597 Lib/SCSI.o
 .debug_loc     0x000006b4      0x30f Lib/VirtualFAT.o
 .debug_loc     0x000009c3      0x2cd src/LUFA/LUFA/Drivers/USB/Class/Device/MassStorageClassDevice.o
 .debug_loc     0x00000c90     0x27c3 src/LUFA/LUFA/Drivers/USB/Core/AVR8/EndpointStream_AVR8.o
 .debug_loc     0x00003453      0x433 src/LUFA/LUFA/Drivers/USB/Core/AVR8/Endpoint_AVR8.o
 .debug_loc     0x00003886       0x49 src/LUFA/LUFA/Drivers/USB/Core/AVR8/USBController_AVR8.o
 .debug_loc     0x000038cf      0x36f src/LUFA/LUFA/Drivers/USB/Core/AVR8/USBInterrupt_AVR8.o
 .debug_loc     0x00003c3e      0x248 src/LUFA/LUFA/Drivers/USB/Core/DeviceStandardReq.o
 .debug_loc     0x00003e86       0x49 src/LUFA/LUFA/Drivers/USB/Core/USBTask.o

.debug_macinfo
 *(.debug_macinfo)

.debug_weaknames
 *(.debug_weaknames)

.debug_funcnames
 *(.debug_funcnames)

.debug_typenames
 *(.debug_typenames)

.debug_varnames
 *(.debug_varnames)

.debug_pubtypes
 *(.debug_pubtypes)

.debug_ranges   0x00000000      0xc30
 *(.debug_ranges)
 .debug_ranges  0x00000000       0x20 BootloaderAPI.o
 .debug_ranges  0x00000020       0x28 BootloaderAPITable.o
 .debug_ranges  0x00000048       0x40 BootloaderMassStorage.o
 .debug_ranges  0x00000088       0x10 Descriptors.o
 .debug_ranges  0x00000098       0x30 Lib/SCSI.o
 .debug_ranges  0x000000c8       0x18 Lib/VirtualFAT.o
 .debug_ranges  0x000000e0       0x50 src/LUFA/LUFA/Drivers/USB/Class/Device/MassStorageClassDevice.o
 .debug_ranges  0x00000130      0x918 src/LUFA/LUFA/Drivers/USB/Core/AVR8/EndpointStream_AVR8.o
 .debug_ranges  0x00000a48      0x128 src/LUFA/LUFA/Drivers/USB/Core/AVR8/Endpoint_AVR8.o
 .debug_ranges  0x00000b70       0x20 src/LUFA/LUFA/Drivers/USB/Core/AVR8/USBController_AVR8.o
 .debug_ranges  0x00000b90       0x40 src/LUFA/LUFA/Drivers/USB/Core/AVR8/USBInterrupt_AVR8.o
 .debug_ranges  0x00000bd0       0x40 src/LUFA/LUFA/Drivers/USB/Core/DeviceStandardReq.o
 .debug_ranges  0x00000c10       0x10 src/LUFA/LUFA/Drivers/USB/Core/Events.o
 .debug_ranges  0x00000c20       0x10 src/LUFA/LUFA/Drivers/USB/Core/USBTask.o

.debug_macro    0x00000000     0x8503
 *(.debug_macro)
 .debug_macro   0x00000000      0x179 BootloaderAPI.o
 .debug_macro   0x00000179      0xa7e BootloaderAPI.o
 .debug_macro   0x00000bf7       0x10 BootloaderAPI.o
 .debug_macro   0x00000c07      0x1ad BootloaderAPI.o
 .debug_macro   0x00000db4      0x293 BootloaderAPI.o
 .debug_macro   0x00001047       0x9e BootloaderAPI.o
 .debug_macro   0x000010e5     0x207d BootloaderAPI.o
 .debug_macro   0x00003162      0x14f BootloaderAPI.o
 .debug_macro   0x000032b1       0xd9 BootloaderAPI.o
 .debug_macro   0x0000338a       0x34 BootloaderAPI.o
 .debug_macro   0x000033be       0x18 BootloaderAPI.o
 .debug_macro   0x000033d6       0x6c BootloaderAPI.o
 .debug_macro   0x00003442      0x166 BootloaderAPI.o
 .debug_macro   0x000035a8       0x39 BootloaderAPI.o
 .debug_macro   0x000035e1      0x10c BootloaderAPI.o
 .debug_macro   0x000036ed      0x160 BootloaderAPI.o
 .debug_macro   0x0000384d       0x22 BootloaderAPI.o
 .debug_macro   0x0000386f       0x10 BootloaderAPI.o
 .debug_macro   0x0000387f       0x16 BootloaderAPI.o
 .debug_macro   0x00003895       0x35 BootloaderAPI.o
 .debug_macro   0x000038ca       0x10 BootloaderAPI.o
 .debug_macro   0x000038da       0x22 BootloaderAPI.o
 .debug_macro   0x000038fc      0x1a0 BootloaderAPI.o
 .debug_macro   0x00003a9c       0x36 BootloaderAPI.o
 .debug_macro   0x00003ad2       0x1c BootloaderAPI.o
 .debug_macro   0x00003aee       0x68 BootloaderAPI.o
 .debug_macro   0x00003b56       0x52 BootloaderAPI.o
 .debug_macro   0x00003ba8       0x69 BootloaderAPI.o
 .debug_macro   0x00003c11       0x10 BootloaderAPI.o
 .debug_macro   0x00003c21      0x175 BootloaderAPI.o
 .debug_macro   0x00003d96      0x160 BootloaderAPI.o
 .debug_macro   0x00003ef6       0x10 BootloaderAPI.o
 .debug_macro   0x00003f06       0x1c BootloaderAPI.o
 .debug_macro   0x00003f22       0x86 BootloaderAPI.o
 .debug_macro   0x00003fa8       0x3c BootloaderAPI.o
 .debug_macro   0x00003fe4      0x4c5 BootloaderMassStorage.o
 .debug_macro   0x000044a9       0x68 BootloaderMassStorage.o
 .debug_macro   0x00004511       0xab BootloaderMassStorage.o
 .debug_macro   0x000045bc       0x97 BootloaderMassStorage.o
 .debug_macro   0x00004653       0x16 BootloaderMassStorage.o
 .debug_macro   0x00004669       0x12 BootloaderMassStorage.o
 .debug_macro   0x0000467b       0x12 BootloaderMassStorage.o
 .debug_macro   0x0000468d       0xef BootloaderMassStorage.o
 .debug_macro   0x0000477c       0x2f BootloaderMassStorage.o
 .debug_macro   0x000047ab       0x33 BootloaderMassStorage.o
 .debug_macro   0x000047de       0x19 BootloaderMassStorage.o
 .debug_macro   0x000047f7       0x4d BootloaderMassStorage.o
 .debug_macro   0x00004844       0x73 BootloaderMassStorage.o
 .debug_macro   0x000048b7       0x16 BootloaderMassStorage.o
 .debug_macro   0x000048cd       0x12 BootloaderMassStorage.o
 .debug_macro   0x000048df       0x25 BootloaderMassStorage.o
 .debug_macro   0x00004904       0x64 BootloaderMassStorage.o
 .debug_macro   0x00004968       0x41 BootloaderMassStorage.o
 .debug_macro   0x000049a9       0x12 BootloaderMassStorage.o
 .debug_macro   0x000049bb       0x10 BootloaderMassStorage.o
 .debug_macro   0x000049cb       0x1c BootloaderMassStorage.o
 .debug_macro   0x000049e7       0x16 BootloaderMassStorage.o
 .debug_macro   0x000049fd       0x16 BootloaderMassStorage.o
 .debug_macro   0x00004a13      0x12c BootloaderMassStorage.o
 .debug_macro   0x00004b3f       0x16 BootloaderMassStorage.o
 .debug_macro   0x00004b55       0x46 BootloaderMassStorage.o
 .debug_macro   0x00004b9b       0x58 BootloaderMassStorage.o
 .debug_macro   0x00004bf3       0x10 BootloaderMassStorage.o
 .debug_macro   0x00004c03       0xeb BootloaderMassStorage.o
 .debug_macro   0x00004cee       0x16 BootloaderMassStorage.o
 .debug_macro   0x00004d04      0x154 BootloaderMassStorage.o
 .debug_macro   0x00004e58       0x2a BootloaderMassStorage.o
 .debug_macro   0x00004e82      0x6ce BootloaderMassStorage.o
 .debug_macro   0x00005550       0x16 BootloaderMassStorage.o
 .debug_macro   0x00005566      0x132 BootloaderMassStorage.o
 .debug_macro   0x00005698       0x16 BootloaderMassStorage.o
 .debug_macro   0x000056ae       0x10 BootloaderMassStorage.o
 .debug_macro   0x000056be       0x6c BootloaderMassStorage.o
 .debug_macro   0x0000572a       0x16 BootloaderMassStorage.o
 .debug_macro   0x00005740       0x1c BootloaderMassStorage.o
 .debug_macro   0x0000575c       0x16 BootloaderMassStorage.o
 .debug_macro   0x00005772       0x10 BootloaderMassStorage.o
 .debug_macro   0x00005782      0x1be BootloaderMassStorage.o
 .debug_macro   0x00005940       0x16 BootloaderMassStorage.o
 .debug_macro   0x00005956       0x16 BootloaderMassStorage.o
 .debug_macro   0x0000596c       0x84 BootloaderMassStorage.o
 .debug_macro   0x000059f0       0x1c BootloaderMassStorage.o
 .debug_macro   0x00005a0c       0x22 BootloaderMassStorage.o
 .debug_macro   0x00005a2e       0x2e BootloaderMassStorage.o
 .debug_macro   0x00005a5c      0x44b Descriptors.o
 .debug_macro   0x00005ea7       0x89 Descriptors.o
 .debug_macro   0x00005f30       0xaa Descriptors.o
 .debug_macro   0x00005fda      0x181 Descriptors.o
 .debug_macro   0x0000615b       0x20 Descriptors.o
 .debug_macro   0x0000617b      0x4b4 Lib/SCSI.o
 .debug_macro   0x0000662f      0x456 Lib/VirtualFAT.o
 .debug_macro   0x00006a85      0x44a src/LUFA/LUFA/Drivers/USB/Class/Device/MassStorageClassDevice.o
 .debug_macro   0x00006ecf      0x12c src/LUFA/LUFA/Drivers/USB/Class/Device/MassStorageClassDevice.o
 .debug_macro   0x00006ffb      0x60c src/LUFA/LUFA/Drivers/USB/Core/AVR8/EndpointStream_AVR8.o
 .debug_macro   0x00007607       0x28 src/LUFA/LUFA/Drivers/USB/Core/AVR8/EndpointStream_AVR8.o
 .debug_macro   0x0000762f       0x1c src/LUFA/LUFA/Drivers/USB/Core/AVR8/EndpointStream_AVR8.o
 .debug_macro   0x0000764b       0x1c src/LUFA/LUFA/Drivers/USB/Core/AVR8/EndpointStream_AVR8.o
 .debug_macro   0x00007667      0x2a3 src/LUFA/LUFA/Drivers/USB/Core/AVR8/Endpoint_AVR8.o
 .debug_macro   0x0000790a       0x10 src/LUFA/LUFA/Drivers/USB/Core/AVR8/Endpoint_AVR8.o
 .debug_macro   0x0000791a      0x275 src/LUFA/LUFA/Drivers/USB/Core/AVR8/USBController_AVR8.o
 .debug_macro   0x00007b8f       0x79 src/LUFA/LUFA/Drivers/USB/Core/AVR8/USBController_AVR8.o
 .debug_macro   0x00007c08      0x27d src/LUFA/LUFA/Drivers/USB/Core/AVR8/USBInterrupt_AVR8.o
 .debug_macro   0x00007e85      0x27b src/LUFA/LUFA/Drivers/USB/Core/DeviceStandardReq.o
 .debug_macro   0x00008100      0x182 src/LUFA/LUFA/Drivers/USB/Core/Events.o
 .debug_macro   0x00008282      0x281 src/LUFA/LUFA/Drivers/USB/Core/USBTask.o
OUTPUT(MassStorageBootloader_32u4.elf elf32-avr)
LOAD linker stubs

.apitable_jumptable
                0x00007fe0       0x10
 .apitable_jumptable
                0x00007fe0       0x10 BootloaderAPITable.o
                0x00007fe0                BootloaderAPI_JumpTable

.apitable_signatures
                0x00007ff8        0x8
 .apitable_signatures
                0x00007ff8        0x8 BootloaderAPITable.o
                0x00007ff8                BootloaderAPI_Signatures

.apitable_trampolines
                0x00007fa0       0x10
 .apitable_trampolines
                0x00007fa0       0x10 BootloaderAPITable.o
                0x00007fa0                BootloaderAPI_Trampolines

.boot_aux       0x00006810      0x516
 .boot_aux      0x00006810       0x9c BootloaderMassStorage.o
                0x00006810                main
                0x00006890                EVENT_USB_Device_Connect
                0x00006892                EVENT_USB_Device_Disconnect
                0x00006894                EVENT_USB_Device_ConfigurationChanged
                0x0000689c                EVENT_USB_Device_ControlRequest
                0x000068a4                CALLBACK_MS_Device_SCSICommandReceived
 .boot_aux      0x000068ac       0x2c Descriptors.o
                0x000068ac                CALLBACK_USB_GetDescriptor
 .boot_aux      0x000068d8      0x2a6 Lib/SCSI.o
                0x0000698a                SCSI_DecodeSCSICommand
 .boot_aux      0x00006b7e      0x1a8 Lib/VirtualFAT.o
                0x00006b7e                VirtualFAT_WriteBlock
                0x00006c78                VirtualFAT_ReadBlock

.boot_aux_trampoline
                0x00006800        0x4
 .boot_aux_trampoline
                0x00006800        0x4 BootloaderAPITable.o
                0x00006800                Boot_AUX_Trampoline
